MPLINK 4.40, Linker
Linker Map File - Created Tue Aug  6 01:52:05 2013

                                 Section Info
                  Section       Type    Address   Location Size(Bytes)
                ---------  ---------  ---------  ---------  ---------
               _entry_scn       code   0x000000    program   0x000006
    HIGH_INTERRUPT_VECTOR       code   0x000008    program   0x000006
     LOW_INTERRUPT_VECTOR       code   0x000018    program   0x000006
    REMAPPED_RESET_VECTOR       code   0x001000    program   0x000006
REMAPPED_HIGH_INTERRUPT_VECTOR       code   0x001008    program   0x000006
REMAPPED_LOW_INTERRUPT_VECTOR       code   0x001018    program   0x000006
                   .cinit    romdata   0x00102a    program   0x00000e
         .code_vfprintf.o       code   0x001038    program   0x000c22
             .code_main.o       code   0x001c5a    program   0x000960
           .code_buffer.o       code   0x0025ba    program   0x000440
             .stringtable    romdata   0x0029fa    program   0x00010b
        .idata_buffer.o_i    romdata   0x002b05    program   0x000000
    .romdata__user_putc.o    romdata   0x002b05    program   0x000000
         .idata_uopen.o_i    romdata   0x002b05    program   0x000000
        .idata_t0read.o_i    romdata   0x002b05    program   0x000000
         .idata_uread.o_i    romdata   0x002b05    program   0x000000
         .romdata_udefs.o    romdata   0x002b05    program   0x000000
       .romdata_t0write.o    romdata   0x002b05    program   0x000000
       .idata_t1write.o_i    romdata   0x002b05    program   0x000000
        .idata___init.o_i    romdata   0x002b05    program   0x000000
         .romdata_uputs.o    romdata   0x002b05    program   0x000000
        .romdata_uwrite.o    romdata   0x002b05    program   0x000000
       .romdata_sprintf.o    romdata   0x002b05    program   0x000000
      .idata_vfprintf.o_i    romdata   0x002b05    program   0x000000
    .idata__user_putc.o_i    romdata   0x002b05    program   0x000000
          .idata_putc.o_i    romdata   0x002b05    program   0x000000
       .idata_fxm3232.o_i    romdata   0x002b05    program   0x000000
      .romdata_fxd3232u.o    romdata   0x002b05    program   0x000000
      .idata_fxd3232u.o_i    romdata   0x002b05    program   0x000000
         .idata_c018i.o_i    romdata   0x002b05    program   0x000000
        .romdata_button.o    romdata   0x002b05    program   0x000000
        .idata_button.o_i    romdata   0x002b05    program   0x000000
          .romdata_main.o    romdata   0x002b05    program   0x000000
            .code_c018i.o       code   0x002b06    program   0x000000
            .code_udefs.o       code   0x002b06    program   0x000000
           .code_button.o       code   0x002b06    program   0x0000f4
                   STDLIB       code   0x002bfa    program   0x0000ea
          .code_sprintf.o       code   0x002ce4    program   0x0000ac
               _cinit_scn       code   0x002d90    program   0x00009e
                   STRING       code   0x002e2e    program   0x000098
            .code_uopen.o       code   0x002ec6    program   0x00008a
             .code_putc.o       code   0x002f50    program   0x000084
          .code_fxm3232.o       code   0x002fd4    program   0x000070
                     PROG       code   0x003044    program   0x00005a
            .code_uputs.o       code   0x00309e    program   0x00004c
         .code_fxd3232u.o       code   0x0030ea    program   0x000048
            .code_uread.o       code   0x003132    program   0x00003e
           .code_t0read.o       code   0x003170    program   0x00003e
          .code_t1write.o       code   0x0031ae    program   0x000038
          .code_t0write.o       code   0x0031e6    program   0x000038
             D10KTCYXCODE       code   0x00321e    program   0x00002e
           .code_uwrite.o       code   0x00324c    program   0x00002e
                    CTYPE       code   0x00327a    program   0x000024
                    .code       code   0x00329e    program   0x000020
             _startup_scn       code   0x0032be    program   0x00001c
                    STDIO       code   0x0032da    program   0x00001c
              D10TCYXCODE       code   0x0032f6    program   0x000016
      .romdata_vfprintf.o    romdata   0x00330c    program   0x000011
         .romdata_c018i.o    romdata   0x00331d    program   0x000000
        .romdata_buffer.o    romdata   0x00331d    program   0x000000
         .romdata_uopen.o    romdata   0x00331d    program   0x000000
          .romdata_putc.o    romdata   0x00331d    program   0x000000
        .romdata_t0read.o    romdata   0x00331d    program   0x000000
       .romdata_fxm3232.o    romdata   0x00331d    program   0x000000
         .romdata_uread.o    romdata   0x00331d    program   0x000000
         .idata_udefs.o_i    romdata   0x00331d    program   0x000000
          .idata_main.o_i    romdata   0x00331d    program   0x000001
       .idata_t0write.o_i    romdata   0x00331d    program   0x000000
        .romdata___init.o    romdata   0x00331d    program   0x000000
         .idata_uputs.o_i    romdata   0x00331d    program   0x000000
        .idata_uwrite.o_i    romdata   0x00331d    program   0x000000
       .idata_sprintf.o_i    romdata   0x00331d    program   0x000000
       .romdata_t1write.o    romdata   0x00331d    program   0x000000
       .code__user_putc.o       code   0x00331e    program   0x000002
           .code___init.o       code   0x003320    program   0x000002
    .config_300000_main.o    romdata   0x300000    program   0x000001
    .config_300001_main.o    romdata   0x300001    program   0x000001
    .config_300002_main.o    romdata   0x300002    program   0x000001
    .config_300003_main.o    romdata   0x300003    program   0x000001
    .config_300005_main.o    romdata   0x300005    program   0x000001
    .config_300006_main.o    romdata   0x300006    program   0x000001
    .config_300008_main.o    romdata   0x300008    program   0x000001
    .config_300009_main.o    romdata   0x300009    program   0x000001
    .config_30000a_main.o    romdata   0x30000a    program   0x000001
    .config_30000b_main.o    romdata   0x30000b    program   0x000001
    .config_30000c_main.o    romdata   0x30000c    program   0x000001
    .config_30000d_main.o    romdata   0x30000d    program   0x000001
                MATH_DATA      udata   0x000000       data   0x000014
                 .tmpdata      udata   0x000014       data   0x000007
                DELAYDAT2      udata   0x00001b       data   0x000001
                DELAYDAT1      udata   0x00001c       data   0x000001
            .udata_main.o      udata   0x000060       data   0x000081
          .udata_buffer.o      udata   0x0000e1       data   0x000017
          .udata_button.o      udata   0x000100       data   0x00000a
                USER_RAM2      udata   0x000120       data   0x0001d0
           .udata_c018i.o      udata   0x0002f0       data   0x00000a
           .udata_udefs.o      udata   0x0002fa       data   0x000001
            .idata_main.o      idata   0x0002fb       data   0x000001
          .idata___init.o      idata   0x0002fc       data   0x000000
           .udata_uputs.o      udata   0x0002fc       data   0x000000
           .idata_uputs.o      idata   0x0002fc       data   0x000000
          .udata_uwrite.o      udata   0x0002fc       data   0x000000
          .idata_uwrite.o      idata   0x0002fc       data   0x000000
         .udata_sprintf.o      udata   0x0002fc       data   0x000000
         .idata_sprintf.o      idata   0x0002fc       data   0x000000
        .udata_vfprintf.o      udata   0x0002fc       data   0x000000
        .idata_vfprintf.o      idata   0x0002fc       data   0x000000
        .udata_fxd3232u.o      udata   0x0002fc       data   0x000000
        .idata_fxd3232u.o      idata   0x0002fc       data   0x000000
         .udata_fxm3232.o      udata   0x0002fc       data   0x000000
         .idata_fxm3232.o      idata   0x0002fc       data   0x000000
            .udata_putc.o      udata   0x0002fc       data   0x000000
            .idata_putc.o      idata   0x0002fc       data   0x000000
      .udata__user_putc.o      udata   0x0002fc       data   0x000000
      .idata__user_putc.o      idata   0x0002fc       data   0x000000
           .idata_c018i.o      idata   0x0002fc       data   0x000000
          .idata_button.o      idata   0x0002fc       data   0x000000
          .idata_buffer.o      idata   0x0002fc       data   0x000000
           .udata_uopen.o      udata   0x0002fc       data   0x000000
           .idata_uopen.o      idata   0x0002fc       data   0x000000
          .udata_t0read.o      udata   0x0002fc       data   0x000000
          .idata_t0read.o      idata   0x0002fc       data   0x000000
           .udata_uread.o      udata   0x0002fc       data   0x000000
           .idata_uread.o      idata   0x0002fc       data   0x000000
           .idata_udefs.o      idata   0x0002fc       data   0x000000
         .udata_t0write.o      udata   0x0002fc       data   0x000000
         .idata_t0write.o      idata   0x0002fc       data   0x000000
         .udata_t1write.o      udata   0x0002fc       data   0x000000
         .idata_t1write.o      idata   0x0002fc       data   0x000000
          .udata___init.o      udata   0x0002fc       data   0x000000
                USER_RAM3      udata   0x000300       data   0x000400
                   .stack      udata   0x000700       data   0x000100
            SFR_UNBANKED0      udata   0x000f66       data   0x00009a



                              Program Memory Usage 
                               Start         End      
                           ---------   ---------      
                            0x000000    0x000005      
                            0x000008    0x00000d      
                            0x000018    0x00001d      
                            0x001000    0x001005      
                            0x001008    0x00100d      
                            0x001018    0x00101d      
                            0x00102a    0x002b04      
                            0x002b06    0x003321      
                            0x300000    0x300003      
                            0x300005    0x300006      
                            0x300008    0x30000d      
            8999 out of 33048 program addresses used, program memory utilization is 27%



                              Symbols - Sorted by Name
                     Name    Address   Location    Storage File                     
                ---------  ---------  ---------  --------- ---------                
                AddBuffer   0x0025c4    program     extern /Users/ikeda/pj/git/pic/bt-remocon/Firmware/buffer.c
          ButtonDownState   0x002be8    program     extern /Users/ikeda/pj/git/pic/bt-remocon/Firmware/button.c
               ButtonInit   0x002b06    program     extern /Users/ikeda/pj/git/pic/bt-remocon/Firmware/button.c
      ButtonLongDownState   0x002bee    program     extern /Users/ikeda/pj/git/pic/bt-remocon/Firmware/button.c
               ButtonProc   0x001f30    program     extern /Users/ikeda/pj/git/pic/bt-remocon/Firmware/main.c
       ButtonProcEvery1ms   0x002bc8    program     extern /Users/ikeda/pj/git/pic/bt-remocon/Firmware/button.c
  ButtonProcEveryMainLoop   0x002b30    program     extern /Users/ikeda/pj/git/pic/bt-remocon/Firmware/button.c
              ButtonState   0x002bdc    program     extern /Users/ikeda/pj/git/pic/bt-remocon/Firmware/button.c
            ButtonUpState   0x002be2    program     extern /Users/ikeda/pj/git/pic/bt-remocon/Firmware/button.c
  ButtonVeryLongDownState   0x002bf4    program     extern /Users/ikeda/pj/git/pic/bt-remocon/Firmware/button.c
                   D10K_1   0x00322a    program     static C:\MCC18\v3_39\src\traditional\delays\d10ktcyx.asm
                    D10Kl   0x003236    program     static C:\MCC18\v3_39\src\traditional\delays\d10ktcyx.asm
                    D10Kx   0x003228    program     static C:\MCC18\v3_39\src\traditional\delays\d10ktcyx.asm
                    D10_1   0x003306    program     static C:\MCC18\v3_39\src\traditional\delays\d10tcyx.asm
                     D10x   0x0032fe    program     static C:\MCC18\v3_39\src\traditional\delays\d10tcyx.asm
             Delay10KTCYx   0x00321e    program     extern C:\MCC18\v3_39\src\traditional\delays\d10ktcyx.asm
              Delay10TCYx   0x0032f6    program     extern C:\MCC18\v3_39\src\traditional\delays\d10tcyx.asm
            DelayIRFreqHi   0x002246    program     extern /Users/ikeda/pj/git/pic/bt-remocon/Firmware/main.c
            DelayIRFreqLo   0x00225c    program     extern /Users/ikeda/pj/git/pic/bt-remocon/Firmware/main.c
                 FXD3232U   0x0030ea    program     extern C:\MCC18\v3_39\src\traditional\math\fxd3232u.c
                 FXM1616S   0x003044    program     extern C:\MCC18\v3_39\src\traditional\math\fxm1616s.asm
                  FXM3232   0x002fd4    program     extern C:\MCC18\v3_39\src\traditional\math\fxm3232.c
                 High_ISR   0x000008    program     extern /Users/ikeda/pj/git/pic/bt-remocon/Firmware/main.c
               InitBuffer   0x0025ba    program     extern /Users/ikeda/pj/git/pic/bt-remocon/Firmware/buffer.c
         InitializeSystem   0x001d1a    program     static /Users/ikeda/pj/git/pic/bt-remocon/Firmware/main.c
                  Low_ISR   0x000018    program     extern /Users/ikeda/pj/git/pic/bt-remocon/Firmware/main.c
                OpenUSART   0x002ec6    program     extern C:\MCC18\v3_39\src\pmc_common\USART\uopen.c
            PrintIRBuffer   0x002066    program     extern /Users/ikeda/pj/git/pic/bt-remocon/Firmware/main.c
                ProcessIO   0x001d80    program     extern /Users/ikeda/pj/git/pic/bt-remocon/Firmware/main.c
               PutsString   0x002200    program     extern /Users/ikeda/pj/git/pic/bt-remocon/Firmware/main.c
           PutsStringCPtr   0x002230    program     extern /Users/ikeda/pj/git/pic/bt-remocon/Firmware/main.c
           ReadBYTEBuffer   0x0027d4    program     extern /Users/ikeda/pj/git/pic/bt-remocon/Firmware/buffer.c
               ReadBuffer   0x002602    program     extern /Users/ikeda/pj/git/pic/bt-remocon/Firmware/buffer.c
                   ReadIR   0x001f68    program     extern /Users/ikeda/pj/git/pic/bt-remocon/Firmware/main.c
               ReadSerial   0x00228e    program     extern /Users/ikeda/pj/git/pic/bt-remocon/Firmware/main.c
               ReadTimer0   0x003170    program     extern C:\MCC18\v3_39\src\pmc_common\Timers\t0read.c
                ReadUSART   0x003132    program     extern C:\MCC18\v3_39\src\pmc_common\USART\uread.c
        Remapped_High_ISR   0x001008    program     extern /Users/ikeda/pj/git/pic/bt-remocon/Firmware/main.c
         Remapped_Low_ISR   0x001018    program     extern /Users/ikeda/pj/git/pic/bt-remocon/Firmware/main.c
                   SendIR   0x002112    program     extern /Users/ikeda/pj/git/pic/bt-remocon/Firmware/main.c
               SendIRImpl   0x002120    program     extern /Users/ikeda/pj/git/pic/bt-remocon/Firmware/main.c
               SerialProc   0x001d8c    program     extern /Users/ikeda/pj/git/pic/bt-remocon/Firmware/main.c
               TSIGN1616A   0x003090    program     static C:\MCC18\v3_39\src\traditional\math\fxm1616s.asm
        WaitToReadySerial   0x00226a    program     extern /Users/ikeda/pj/git/pic/bt-remocon/Firmware/main.c
          WriteBYTEBuffer   0x00280c    program     extern /Users/ikeda/pj/git/pic/bt-remocon/Firmware/buffer.c
              WriteBuffer   0x002700    program     extern /Users/ikeda/pj/git/pic/bt-remocon/Firmware/buffer.c
                 WriteEOF   0x0027a0    program     extern /Users/ikeda/pj/git/pic/bt-remocon/Firmware/buffer.c
              WriteSerial   0x002300    program     extern /Users/ikeda/pj/git/pic/bt-remocon/Firmware/main.c
              WriteTimer0   0x0031e6    program     extern C:\MCC18\v3_39\src\pmc_common\Timers\t0write.c
              WriteTimer1   0x0031ae    program     extern C:\MCC18\v3_39\src\pmc_common\Timers\t1write.c
               WriteUSART   0x00324c    program     extern C:\MCC18\v3_39\src\pmc_common\USART\uwrite.c
  YourHighPriorityISRCode   0x001c5a    program     extern /Users/ikeda/pj/git/pic/bt-remocon/Firmware/main.c
   YourLowPriorityISRCode   0x001caa    program     extern /Users/ikeda/pj/git/pic/bt-remocon/Firmware/main.c
                   _2jEnd   0x002eb0    program     static C:\MCC18\v3_39\src\traditional\stdclib\slenpgm.asm
       _D10KTCYXCODE_0010   0x00322e    program     static C:\MCC18\v3_39\src\traditional\delays\d10ktcyx.asm
       _D10KTCYXCODE_001C   0x00323a    program     static C:\MCC18\v3_39\src\traditional\delays\d10ktcyx.asm
        _D10TCYXCODE_000A   0x003300    program     static C:\MCC18\v3_39\src\traditional\delays\d10tcyx.asm
        _D10TCYXCODE_000C   0x003302    program     static C:\MCC18\v3_39\src\traditional\delays\d10tcyx.asm
        _D10TCYXCODE_000E   0x003304    program     static C:\MCC18\v3_39\src\traditional\delays\d10tcyx.asm
       ___return_lbl00000   0x001004    program     static                          
       ___return_lbl00000   0x003042    program     static                          
       ___return_lbl00000   0x003130    program     static                          
       ___return_lbl00000   0x000004    program     static                          
       ___return_lbl00001   0x00100c    program     static                          
       ___return_lbl00001   0x0032d8    program     static                          
       ___return_lbl00002   0x00101c    program     static                          
       ___return_lbl00002   0x002e2c    program     static                          
       ___return_lbl00003   0x00000c    program     static                          
       ___return_lbl00004   0x00001c    program     static                          
       ___return_lbl00076   0x00225a    program     static                          
       ___return_lbl00077   0x002268    program     static                          
               __config_0   0x300000    program     static /Users/ikeda/pj/git/pic/bt-remocon/Firmware/main.c
               __config_1   0x300001    program     static /Users/ikeda/pj/git/pic/bt-remocon/Firmware/main.c
              __config_10   0x30000c    program     static /Users/ikeda/pj/git/pic/bt-remocon/Firmware/main.c
              __config_11   0x30000d    program     static /Users/ikeda/pj/git/pic/bt-remocon/Firmware/main.c
               __config_2   0x300002    program     static /Users/ikeda/pj/git/pic/bt-remocon/Firmware/main.c
               __config_3   0x300003    program     static /Users/ikeda/pj/git/pic/bt-remocon/Firmware/main.c
               __config_4   0x300005    program     static /Users/ikeda/pj/git/pic/bt-remocon/Firmware/main.c
               __config_5   0x300006    program     static /Users/ikeda/pj/git/pic/bt-remocon/Firmware/main.c
               __config_6   0x300008    program     static /Users/ikeda/pj/git/pic/bt-remocon/Firmware/main.c
               __config_7   0x300009    program     static /Users/ikeda/pj/git/pic/bt-remocon/Firmware/main.c
               __config_8   0x30000a    program     static /Users/ikeda/pj/git/pic/bt-remocon/Firmware/main.c
               __config_9   0x30000b    program     static /Users/ikeda/pj/git/pic/bt-remocon/Firmware/main.c
                   __init   0x003320    program     extern C:\MCC18\v3_39\src\traditional\stdclib\__init.c
                   __pa_0   0x00230e    program     static /Users/ikeda/pj/git/pic/bt-remocon/Firmware/main.c
                   __pa_0   0x001978    program     static C:\MCC18\v3_39\src\traditional\stdclib\vfprintf.c
                   __pa_0   0x00284a    program     static /Users/ikeda/pj/git/pic/bt-remocon/Firmware/buffer.c
                   __pa_1   0x001980    program     static C:\MCC18\v3_39\src\traditional\stdclib\vfprintf.c
                   __pa_1   0x002322    program     static /Users/ikeda/pj/git/pic/bt-remocon/Firmware/main.c
                   __pa_1   0x00285e    program     static /Users/ikeda/pj/git/pic/bt-remocon/Firmware/buffer.c
                  __pa_10   0x001a34    program     static C:\MCC18\v3_39\src\traditional\stdclib\vfprintf.c
                  __pa_10   0x002458    program     static /Users/ikeda/pj/git/pic/bt-remocon/Firmware/main.c
                  __pa_10   0x0028e8    program     static /Users/ikeda/pj/git/pic/bt-remocon/Firmware/buffer.c
                  __pa_11   0x001a42    program     static C:\MCC18\v3_39\src\traditional\stdclib\vfprintf.c
                  __pa_11   0x002468    program     static /Users/ikeda/pj/git/pic/bt-remocon/Firmware/main.c
                  __pa_11   0x0028f0    program     static /Users/ikeda/pj/git/pic/bt-remocon/Firmware/buffer.c
                  __pa_12   0x002908    program     static /Users/ikeda/pj/git/pic/bt-remocon/Firmware/buffer.c
                  __pa_12   0x001a58    program     static C:\MCC18\v3_39\src\traditional\stdclib\vfprintf.c
                  __pa_12   0x002478    program     static /Users/ikeda/pj/git/pic/bt-remocon/Firmware/main.c
                  __pa_13   0x001a72    program     static C:\MCC18\v3_39\src\traditional\stdclib\vfprintf.c
                  __pa_13   0x002482    program     static /Users/ikeda/pj/git/pic/bt-remocon/Firmware/main.c
                  __pa_13   0x002916    program     static /Users/ikeda/pj/git/pic/bt-remocon/Firmware/buffer.c
                  __pa_14   0x001a8a    program     static C:\MCC18\v3_39\src\traditional\stdclib\vfprintf.c
                  __pa_14   0x00248a    program     static /Users/ikeda/pj/git/pic/bt-remocon/Firmware/main.c
                  __pa_14   0x002922    program     static /Users/ikeda/pj/git/pic/bt-remocon/Firmware/buffer.c
                  __pa_15   0x001a9a    program     static C:\MCC18\v3_39\src\traditional\stdclib\vfprintf.c
                  __pa_15   0x0024a6    program     static /Users/ikeda/pj/git/pic/bt-remocon/Firmware/main.c
                  __pa_15   0x00292c    program     static /Users/ikeda/pj/git/pic/bt-remocon/Firmware/buffer.c
                  __pa_16   0x001ab0    program     static C:\MCC18\v3_39\src\traditional\stdclib\vfprintf.c
                  __pa_16   0x0024b6    program     static /Users/ikeda/pj/git/pic/bt-remocon/Firmware/main.c
                  __pa_16   0x00293e    program     static /Users/ikeda/pj/git/pic/bt-remocon/Firmware/buffer.c
                  __pa_17   0x0024c2    program     static /Users/ikeda/pj/git/pic/bt-remocon/Firmware/main.c
                  __pa_17   0x00294e    program     static /Users/ikeda/pj/git/pic/bt-remocon/Firmware/buffer.c
                  __pa_17   0x001ac2    program     static C:\MCC18\v3_39\src\traditional\stdclib\vfprintf.c
                  __pa_18   0x00295c    program     static /Users/ikeda/pj/git/pic/bt-remocon/Firmware/buffer.c
                  __pa_18   0x0024d0    program     static /Users/ikeda/pj/git/pic/bt-remocon/Firmware/main.c
                  __pa_18   0x001ad4    program     static C:\MCC18\v3_39\src\traditional\stdclib\vfprintf.c
                  __pa_19   0x0024de    program     static /Users/ikeda/pj/git/pic/bt-remocon/Firmware/main.c
                  __pa_19   0x001ade    program     static C:\MCC18\v3_39\src\traditional\stdclib\vfprintf.c
                  __pa_19   0x00296a    program     static /Users/ikeda/pj/git/pic/bt-remocon/Firmware/buffer.c
                   __pa_2   0x00234a    program     static /Users/ikeda/pj/git/pic/bt-remocon/Firmware/main.c
                   __pa_2   0x00286c    program     static /Users/ikeda/pj/git/pic/bt-remocon/Firmware/buffer.c
                   __pa_2   0x00198a    program     static C:\MCC18\v3_39\src\traditional\stdclib\vfprintf.c
                  __pa_20   0x002978    program     static /Users/ikeda/pj/git/pic/bt-remocon/Firmware/buffer.c
                  __pa_20   0x0024f2    program     static /Users/ikeda/pj/git/pic/bt-remocon/Firmware/main.c
                  __pa_20   0x001aee    program     static C:\MCC18\v3_39\src\traditional\stdclib\vfprintf.c
                  __pa_21   0x0024fc    program     static /Users/ikeda/pj/git/pic/bt-remocon/Firmware/main.c
                  __pa_21   0x001afe    program     static C:\MCC18\v3_39\src\traditional\stdclib\vfprintf.c
                  __pa_21   0x002986    program     static /Users/ikeda/pj/git/pic/bt-remocon/Firmware/buffer.c
                  __pa_22   0x002990    program     static /Users/ikeda/pj/git/pic/bt-remocon/Firmware/buffer.c
                  __pa_22   0x002504    program     static /Users/ikeda/pj/git/pic/bt-remocon/Firmware/main.c
                  __pa_22   0x001b0e    program     static C:\MCC18\v3_39\src\traditional\stdclib\vfprintf.c
                  __pa_23   0x00299a    program     static /Users/ikeda/pj/git/pic/bt-remocon/Firmware/buffer.c
                  __pa_23   0x002512    program     static /Users/ikeda/pj/git/pic/bt-remocon/Firmware/main.c
                  __pa_23   0x001b1a    program     static C:\MCC18\v3_39\src\traditional\stdclib\vfprintf.c
                  __pa_24   0x0029a4    program     static /Users/ikeda/pj/git/pic/bt-remocon/Firmware/buffer.c
                  __pa_24   0x00251c    program     static /Users/ikeda/pj/git/pic/bt-remocon/Firmware/main.c
                  __pa_24   0x001b28    program     static C:\MCC18\v3_39\src\traditional\stdclib\vfprintf.c
                  __pa_25   0x0029b2    program     static /Users/ikeda/pj/git/pic/bt-remocon/Firmware/buffer.c
                  __pa_25   0x001b30    program     static C:\MCC18\v3_39\src\traditional\stdclib\vfprintf.c
                  __pa_25   0x002526    program     static /Users/ikeda/pj/git/pic/bt-remocon/Firmware/main.c
                  __pa_26   0x002538    program     static /Users/ikeda/pj/git/pic/bt-remocon/Firmware/main.c
                  __pa_26   0x0029bc    program     static /Users/ikeda/pj/git/pic/bt-remocon/Firmware/buffer.c
                  __pa_26   0x001b3a    program     static C:\MCC18\v3_39\src\traditional\stdclib\vfprintf.c
                  __pa_27   0x001b44    program     static C:\MCC18\v3_39\src\traditional\stdclib\vfprintf.c
                  __pa_27   0x0029c4    program     static /Users/ikeda/pj/git/pic/bt-remocon/Firmware/buffer.c
                  __pa_27   0x00253e    program     static /Users/ikeda/pj/git/pic/bt-remocon/Firmware/main.c
                  __pa_28   0x00254c    program     static /Users/ikeda/pj/git/pic/bt-remocon/Firmware/main.c
                  __pa_28   0x001b4c    program     static C:\MCC18\v3_39\src\traditional\stdclib\vfprintf.c
                  __pa_28   0x0029ce    program     static /Users/ikeda/pj/git/pic/bt-remocon/Firmware/buffer.c
                  __pa_29   0x0029dc    program     static /Users/ikeda/pj/git/pic/bt-remocon/Firmware/buffer.c
                  __pa_29   0x00255a    program     static /Users/ikeda/pj/git/pic/bt-remocon/Firmware/main.c
                  __pa_29   0x001b5a    program     static C:\MCC18\v3_39\src\traditional\stdclib\vfprintf.c
                   __pa_3   0x002398    program     static /Users/ikeda/pj/git/pic/bt-remocon/Firmware/main.c
                   __pa_3   0x001994    program     static C:\MCC18\v3_39\src\traditional\stdclib\vfprintf.c
                   __pa_3   0x002880    program     static /Users/ikeda/pj/git/pic/bt-remocon/Firmware/buffer.c
                  __pa_30   0x0029e6    program     static /Users/ikeda/pj/git/pic/bt-remocon/Firmware/buffer.c
                  __pa_30   0x002568    program     static /Users/ikeda/pj/git/pic/bt-remocon/Firmware/main.c
                  __pa_30   0x001b76    program     static C:\MCC18\v3_39\src\traditional\stdclib\vfprintf.c
                  __pa_31   0x001b90    program     static C:\MCC18\v3_39\src\traditional\stdclib\vfprintf.c
                  __pa_31   0x0029ec    program     static /Users/ikeda/pj/git/pic/bt-remocon/Firmware/buffer.c
                  __pa_31   0x002576    program     static /Users/ikeda/pj/git/pic/bt-remocon/Firmware/main.c
                  __pa_32   0x0029f4    program     static /Users/ikeda/pj/git/pic/bt-remocon/Firmware/buffer.c
                  __pa_32   0x001baa    program     static C:\MCC18\v3_39\src\traditional\stdclib\vfprintf.c
                  __pa_32   0x002580    program     static /Users/ikeda/pj/git/pic/bt-remocon/Firmware/main.c
                  __pa_33   0x00258a    program     static /Users/ikeda/pj/git/pic/bt-remocon/Firmware/main.c
                  __pa_33   0x001bc2    program     static C:\MCC18\v3_39\src\traditional\stdclib\vfprintf.c
                  __pa_34   0x001bcc    program     static C:\MCC18\v3_39\src\traditional\stdclib\vfprintf.c
                  __pa_34   0x002594    program     static /Users/ikeda/pj/git/pic/bt-remocon/Firmware/main.c
                  __pa_35   0x001bda    program     static C:\MCC18\v3_39\src\traditional\stdclib\vfprintf.c
                  __pa_35   0x0025ac    program     static /Users/ikeda/pj/git/pic/bt-remocon/Firmware/main.c
                  __pa_36   0x001be2    program     static C:\MCC18\v3_39\src\traditional\stdclib\vfprintf.c
                  __pa_37   0x001bec    program     static C:\MCC18\v3_39\src\traditional\stdclib\vfprintf.c
                  __pa_38   0x001bfc    program     static C:\MCC18\v3_39\src\traditional\stdclib\vfprintf.c
                  __pa_39   0x001c0a    program     static C:\MCC18\v3_39\src\traditional\stdclib\vfprintf.c
                   __pa_4   0x0023a4    program     static /Users/ikeda/pj/git/pic/bt-remocon/Firmware/main.c
                   __pa_4   0x0019ac    program     static C:\MCC18\v3_39\src\traditional\stdclib\vfprintf.c
                   __pa_4   0x00288a    program     static /Users/ikeda/pj/git/pic/bt-remocon/Firmware/buffer.c
                  __pa_40   0x001c16    program     static C:\MCC18\v3_39\src\traditional\stdclib\vfprintf.c
                  __pa_41   0x001c22    program     static C:\MCC18\v3_39\src\traditional\stdclib\vfprintf.c
                  __pa_42   0x001c2a    program     static C:\MCC18\v3_39\src\traditional\stdclib\vfprintf.c
                  __pa_43   0x001c34    program     static C:\MCC18\v3_39\src\traditional\stdclib\vfprintf.c
                  __pa_44   0x001c3a    program     static C:\MCC18\v3_39\src\traditional\stdclib\vfprintf.c
                  __pa_45   0x001c44    program     static C:\MCC18\v3_39\src\traditional\stdclib\vfprintf.c
                  __pa_46   0x001c50    program     static C:\MCC18\v3_39\src\traditional\stdclib\vfprintf.c
                   __pa_5   0x0019c0    program     static C:\MCC18\v3_39\src\traditional\stdclib\vfprintf.c
                   __pa_5   0x0023b4    program     static /Users/ikeda/pj/git/pic/bt-remocon/Firmware/main.c
                   __pa_5   0x002898    program     static /Users/ikeda/pj/git/pic/bt-remocon/Firmware/buffer.c
                   __pa_6   0x0019dc    program     static C:\MCC18\v3_39\src\traditional\stdclib\vfprintf.c
                   __pa_6   0x0023d6    program     static /Users/ikeda/pj/git/pic/bt-remocon/Firmware/main.c
                   __pa_6   0x0028a6    program     static /Users/ikeda/pj/git/pic/bt-remocon/Firmware/buffer.c
                   __pa_7   0x0023ee    program     static /Users/ikeda/pj/git/pic/bt-remocon/Firmware/main.c
                   __pa_7   0x0028ba    program     static /Users/ikeda/pj/git/pic/bt-remocon/Firmware/buffer.c
                   __pa_7   0x0019e6    program     static C:\MCC18\v3_39\src\traditional\stdclib\vfprintf.c
                   __pa_8   0x002418    program     static /Users/ikeda/pj/git/pic/bt-remocon/Firmware/main.c
                   __pa_8   0x0028ca    program     static /Users/ikeda/pj/git/pic/bt-remocon/Firmware/buffer.c
                   __pa_8   0x0019f2    program     static C:\MCC18\v3_39\src\traditional\stdclib\vfprintf.c
                   __pa_9   0x0028de    program     static /Users/ikeda/pj/git/pic/bt-remocon/Firmware/buffer.c
                   __pa_9   0x002432    program     static /Users/ikeda/pj/git/pic/bt-remocon/Firmware/main.c
                   __pa_9   0x001a14    program     static C:\MCC18\v3_39\src\traditional\stdclib\vfprintf.c
               __string_0   0x002af4    program     static /Users/ikeda/pj/git/pic/bt-remocon/Firmware/main.c
               __string_1   0x002ad0    program     static /Users/ikeda/pj/git/pic/bt-remocon/Firmware/main.c
              __string_10   0x002a2d    program     static /Users/ikeda/pj/git/pic/bt-remocon/Firmware/main.c
              __string_11   0x0029fa    program     static /Users/ikeda/pj/git/pic/bt-remocon/Firmware/main.c
               __string_2   0x002aca    program     static /Users/ikeda/pj/git/pic/bt-remocon/Firmware/main.c
               __string_3   0x002aa2    program     static /Users/ikeda/pj/git/pic/bt-remocon/Firmware/main.c
               __string_4   0x002a77    program     static /Users/ikeda/pj/git/pic/bt-remocon/Firmware/main.c
               __string_5   0x002a6d    program     static /Users/ikeda/pj/git/pic/bt-remocon/Firmware/main.c
               __string_6   0x002a6c    program     static /Users/ikeda/pj/git/pic/bt-remocon/Firmware/main.c
               __string_7   0x002a65    program     static /Users/ikeda/pj/git/pic/bt-remocon/Firmware/main.c
               __string_8   0x002a62    program     static /Users/ikeda/pj/git/pic/bt-remocon/Firmware/main.c
               __string_9   0x002a5d    program     static /Users/ikeda/pj/git/pic/bt-remocon/Firmware/main.c
              __tmplbl_42   0x001b0e    program     static                          
              __tmplbl_43   0x001956    program     static                          
              __tmplbl_44   0x00193c    program     static                          
              __tmplbl_85   0x00108e    program     static                          
            __zero_memory   0x00329e    program     extern C:\MCC18\v3_39\src\traditional\proc\p18F2550.asm
                _do_cinit   0x002d90    program     extern C:\MCC18\v3_39\src\traditional\startup\c018i.c
                   _entry   0x000000    program     extern C:\MCC18\v3_39\src\traditional\startup\c018i.c
                   _false   0x00312c    program     static                          
                   _reset   0x001000    program     extern /Users/ikeda/pj/git/pic/bt-remocon/Firmware/main.c
                 _startup   0x0032be    program     extern C:\MCC18\v3_39\src\traditional\startup\c018i.c
              _usart_putc   0x0032da    program     extern C:\MCC18\v3_39\src\pmc_common\USART\_usartpc.asm
               _user_putc   0x00331e    program     extern C:\MCC18\v3_39\src\traditional\stdclib\_user_putc.c
                     atoi   0x002bfa    program     extern C:\MCC18\v3_39\src\traditional\stdclib\atoi.asm
                compare_l   0x0032b4    program     static C:\MCC18\v3_39\src\traditional\proc\p18F2550.asm
                copy_loop   0x002e02    program     static                          
            copy_one_byte   0x002e08    program     static                          
                     done   0x002e2c    program     static                          
             done_copying   0x002e16    program     static                          
                  isdigit   0x00327a    program     extern C:\MCC18\v3_39\src\traditional\stdclib\isdigit.asm
                     jEnd   0x002eb2    program     static C:\MCC18\v3_39\src\traditional\stdclib\slenpgm.asm
                     jEnd   0x002e7a    program     static C:\MCC18\v3_39\src\traditional\stdclib\strlen.asm
                     jEnd   0x002e5e    program     static C:\MCC18\v3_39\src\traditional\stdclib\scpyp2r.asm
                     jEnd   0x002cb8    program     static C:\MCC18\v3_39\src\traditional\stdclib\atoi.asm
                 jEndLoop   0x002ca0    program     static C:\MCC18\v3_39\src\traditional\stdclib\atoi.asm
                    jLoop   0x002e9a    program     static C:\MCC18\v3_39\src\traditional\stdclib\slenpgm.asm
                    jLoop   0x002e70    program     static C:\MCC18\v3_39\src\traditional\stdclib\strlen.asm
                    jLoop   0x002c52    program     static C:\MCC18\v3_39\src\traditional\stdclib\atoi.asm
                    jLoop   0x002e54    program     static C:\MCC18\v3_39\src\traditional\stdclib\scpyp2r.asm
                   jMatch   0x00329a    program     static C:\MCC18\v3_39\src\traditional\stdclib\isdigit.asm
                 jNoMatch   0x00329c    program     static C:\MCC18\v3_39\src\traditional\stdclib\isdigit.asm
                  jSkipWS   0x002c28    program     static C:\MCC18\v3_39\src\traditional\stdclib\atoi.asm
                 jSkipWS1   0x002c3a    program     static C:\MCC18\v3_39\src\traditional\stdclib\atoi.asm
                 jTstSign   0x002c3e    program     static C:\MCC18\v3_39\src\traditional\stdclib\atoi.asm
                jTstSign1   0x002c4a    program     static C:\MCC18\v3_39\src\traditional\stdclib\atoi.asm
                jTstSign2   0x002c50    program     static C:\MCC18\v3_39\src\traditional\stdclib\atoi.asm
                jTstSign3   0x002c52    program     static C:\MCC18\v3_39\src\traditional\stdclib\atoi.asm
                     loop   0x0032ea    program     static C:\MCC18\v3_39\src\pmc_common\USART\_usartpc.asm
                     loop   0x0032ce    program     static                          
                     loop   0x0030f8    program     static                          
                   loop_h   0x0032ac    program     static C:\MCC18\v3_39\src\traditional\proc\p18F2550.asm
                   loop_l   0x0032b6    program     static C:\MCC18\v3_39\src\traditional\proc\p18F2550.asm
                     main   0x001d14    program     extern /Users/ikeda/pj/git/pic/bt-remocon/Firmware/main.c
                     putc   0x002f50    program     extern C:\MCC18\v3_39\src\traditional\stdclib\putc.c
                putsUSART   0x00309e    program     extern C:\MCC18\v3_39\src\pmc_common\USART\uputs.c
                 s_digits   0x00330c    program     static C:\MCC18\v3_39\src\traditional\stdclib\vfprintf.c
            s_put_n_chars   0x001038    program     static C:\MCC18\v3_39\src\traditional\stdclib\vfprintf.c
                  sprintf   0x002ce4    program     extern C:\MCC18\v3_39\src\traditional\stdclib\sprintf.c
            strcpypgm2ram   0x002e2e    program     extern C:\MCC18\v3_39\src\traditional\stdclib\scpyp2r.asm
                   strlen   0x002e60    program     extern C:\MCC18\v3_39\src\traditional\stdclib\strlen.asm
                strlenpgm   0x002e7c    program     extern C:\MCC18\v3_39\src\traditional\stdclib\slenpgm.asm
                     test   0x002daa    program     static                          
                 vfprintf   0x001064    program     extern C:\MCC18\v3_39\src\traditional\stdclib\vfprintf.c
               zero_block   0x0032ac    program     static C:\MCC18\v3_39\src\traditional\proc\p18F2550.asm
                   ADCON0   0x000fc2       data     extern C:\MCC18\v3_39\src\traditional\proc\p18F2550.asm
               ADCON0bits   0x000fc2       data     extern C:\MCC18\v3_39\src\traditional\proc\p18F2550.asm
                   ADCON1   0x000fc1       data     extern C:\MCC18\v3_39\src\traditional\proc\p18F2550.asm
               ADCON1bits   0x000fc1       data     extern C:\MCC18\v3_39\src\traditional\proc\p18F2550.asm
                   ADCON2   0x000fc0       data     extern C:\MCC18\v3_39\src\traditional\proc\p18F2550.asm
               ADCON2bits   0x000fc0       data     extern C:\MCC18\v3_39\src\traditional\proc\p18F2550.asm
                    ADRES   0x000fc3       data     extern C:\MCC18\v3_39\src\traditional\proc\p18F2550.asm
                   ADRESH   0x000fc4       data     extern C:\MCC18\v3_39\src\traditional\proc\p18F2550.asm
                   ADRESL   0x000fc3       data     extern C:\MCC18\v3_39\src\traditional\proc\p18F2550.asm
                  BAUDCON   0x000fb8       data     extern C:\MCC18\v3_39\src\traditional\proc\p18F2550.asm
              BAUDCONbits   0x000fb8       data     extern C:\MCC18\v3_39\src\traditional\proc\p18F2550.asm
                  BAUDCTL   0x000fb8       data     extern C:\MCC18\v3_39\src\traditional\proc\p18F2550.asm
              BAUDCTLbits   0x000fb8       data     extern C:\MCC18\v3_39\src\traditional\proc\p18F2550.asm
                      BSR   0x000fe0       data     extern C:\MCC18\v3_39\src\traditional\proc\p18F2550.asm
                   CCP1AS   0x000fb6       data     extern C:\MCC18\v3_39\src\traditional\proc\p18F2550.asm
               CCP1ASbits   0x000fb6       data     extern C:\MCC18\v3_39\src\traditional\proc\p18F2550.asm
                  CCP1CON   0x000fbd       data     extern C:\MCC18\v3_39\src\traditional\proc\p18F2550.asm
              CCP1CONbits   0x000fbd       data     extern C:\MCC18\v3_39\src\traditional\proc\p18F2550.asm
                  CCP1DEL   0x000fb7       data     extern C:\MCC18\v3_39\src\traditional\proc\p18F2550.asm
              CCP1DELbits   0x000fb7       data     extern C:\MCC18\v3_39\src\traditional\proc\p18F2550.asm
                  CCP2CON   0x000fba       data     extern C:\MCC18\v3_39\src\traditional\proc\p18F2550.asm
              CCP2CONbits   0x000fba       data     extern C:\MCC18\v3_39\src\traditional\proc\p18F2550.asm
                    CCPR1   0x000fbe       data     extern C:\MCC18\v3_39\src\traditional\proc\p18F2550.asm
                   CCPR1H   0x000fbf       data     extern C:\MCC18\v3_39\src\traditional\proc\p18F2550.asm
                   CCPR1L   0x000fbe       data     extern C:\MCC18\v3_39\src\traditional\proc\p18F2550.asm
                    CCPR2   0x000fbb       data     extern C:\MCC18\v3_39\src\traditional\proc\p18F2550.asm
                   CCPR2H   0x000fbc       data     extern C:\MCC18\v3_39\src\traditional\proc\p18F2550.asm
                   CCPR2L   0x000fbb       data     extern C:\MCC18\v3_39\src\traditional\proc\p18F2550.asm
                    CMCON   0x000fb4       data     extern C:\MCC18\v3_39\src\traditional\proc\p18F2550.asm
                CMCONbits   0x000fb4       data     extern C:\MCC18\v3_39\src\traditional\proc\p18F2550.asm
                   CVRCON   0x000fb5       data     extern C:\MCC18\v3_39\src\traditional\proc\p18F2550.asm
               CVRCONbits   0x000fb5       data     extern C:\MCC18\v3_39\src\traditional\proc\p18F2550.asm
                     DDRA   0x000f92       data     extern C:\MCC18\v3_39\src\traditional\proc\p18F2550.asm
                 DDRAbits   0x000f92       data     extern C:\MCC18\v3_39\src\traditional\proc\p18F2550.asm
                     DDRB   0x000f93       data     extern C:\MCC18\v3_39\src\traditional\proc\p18F2550.asm
                 DDRBbits   0x000f93       data     extern C:\MCC18\v3_39\src\traditional\proc\p18F2550.asm
                     DDRC   0x000f94       data     extern C:\MCC18\v3_39\src\traditional\proc\p18F2550.asm
                 DDRCbits   0x000f94       data     extern C:\MCC18\v3_39\src\traditional\proc\p18F2550.asm
            DelayCounter1   0x00001c       data     extern C:\MCC18\v3_39\src\traditional\delays\delayd1.asm
            DelayCounter2   0x00001b       data     extern C:\MCC18\v3_39\src\traditional\delays\delayd2.asm
                  ECCP1AS   0x000fb6       data     extern C:\MCC18\v3_39\src\traditional\proc\p18F2550.asm
              ECCP1ASbits   0x000fb6       data     extern C:\MCC18\v3_39\src\traditional\proc\p18F2550.asm
                 ECCP1DEL   0x000fb7       data     extern C:\MCC18\v3_39\src\traditional\proc\p18F2550.asm
             ECCP1DELbits   0x000fb7       data     extern C:\MCC18\v3_39\src\traditional\proc\p18F2550.asm
                    EEADR   0x000fa9       data     extern C:\MCC18\v3_39\src\traditional\proc\p18F2550.asm
                   EECON1   0x000fa6       data     extern C:\MCC18\v3_39\src\traditional\proc\p18F2550.asm
               EECON1bits   0x000fa6       data     extern C:\MCC18\v3_39\src\traditional\proc\p18F2550.asm
                   EECON2   0x000fa7       data     extern C:\MCC18\v3_39\src\traditional\proc\p18F2550.asm
                   EEDATA   0x000fa8       data     extern C:\MCC18\v3_39\src\traditional\proc\p18F2550.asm
                     FSR0   0x000fe9       data     extern C:\MCC18\v3_39\src\traditional\proc\p18F2550.asm
                    FSR0H   0x000fea       data     extern C:\MCC18\v3_39\src\traditional\proc\p18F2550.asm
                    FSR0L   0x000fe9       data     extern C:\MCC18\v3_39\src\traditional\proc\p18F2550.asm
                     FSR1   0x000fe1       data     extern C:\MCC18\v3_39\src\traditional\proc\p18F2550.asm
                    FSR1H   0x000fe2       data     extern C:\MCC18\v3_39\src\traditional\proc\p18F2550.asm
                    FSR1L   0x000fe1       data     extern C:\MCC18\v3_39\src\traditional\proc\p18F2550.asm
                     FSR2   0x000fd9       data     extern C:\MCC18\v3_39\src\traditional\proc\p18F2550.asm
                    FSR2H   0x000fda       data     extern C:\MCC18\v3_39\src\traditional\proc\p18F2550.asm
                    FSR2L   0x000fd9       data     extern C:\MCC18\v3_39\src\traditional\proc\p18F2550.asm
                  HLVDCON   0x000fd2       data     extern C:\MCC18\v3_39\src\traditional\proc\p18F2550.asm
              HLVDCONbits   0x000fd2       data     extern C:\MCC18\v3_39\src\traditional\proc\p18F2550.asm
                    INDF0   0x000fef       data     extern C:\MCC18\v3_39\src\traditional\proc\p18F2550.asm
                    INDF1   0x000fe7       data     extern C:\MCC18\v3_39\src\traditional\proc\p18F2550.asm
                    INDF2   0x000fdf       data     extern C:\MCC18\v3_39\src\traditional\proc\p18F2550.asm
                   INTCON   0x000ff2       data     extern C:\MCC18\v3_39\src\traditional\proc\p18F2550.asm
                  INTCON2   0x000ff1       data     extern C:\MCC18\v3_39\src\traditional\proc\p18F2550.asm
              INTCON2bits   0x000ff1       data     extern C:\MCC18\v3_39\src\traditional\proc\p18F2550.asm
                  INTCON3   0x000ff0       data     extern C:\MCC18\v3_39\src\traditional\proc\p18F2550.asm
              INTCON3bits   0x000ff0       data     extern C:\MCC18\v3_39\src\traditional\proc\p18F2550.asm
               INTCONbits   0x000ff2       data     extern C:\MCC18\v3_39\src\traditional\proc\p18F2550.asm
                     IPR1   0x000f9f       data     extern C:\MCC18\v3_39\src\traditional\proc\p18F2550.asm
                 IPR1bits   0x000f9f       data     extern C:\MCC18\v3_39\src\traditional\proc\p18F2550.asm
                     IPR2   0x000fa2       data     extern C:\MCC18\v3_39\src\traditional\proc\p18F2550.asm
                 IPR2bits   0x000fa2       data     extern C:\MCC18\v3_39\src\traditional\proc\p18F2550.asm
                     LATA   0x000f89       data     extern C:\MCC18\v3_39\src\traditional\proc\p18F2550.asm
                 LATAbits   0x000f89       data     extern C:\MCC18\v3_39\src\traditional\proc\p18F2550.asm
                     LATB   0x000f8a       data     extern C:\MCC18\v3_39\src\traditional\proc\p18F2550.asm
                 LATBbits   0x000f8a       data     extern C:\MCC18\v3_39\src\traditional\proc\p18F2550.asm
                     LATC   0x000f8b       data     extern C:\MCC18\v3_39\src\traditional\proc\p18F2550.asm
                 LATCbits   0x000f8b       data     extern C:\MCC18\v3_39\src\traditional\proc\p18F2550.asm
                   LVDCON   0x000fd2       data     extern C:\MCC18\v3_39\src\traditional\proc\p18F2550.asm
               LVDCONbits   0x000fd2       data     extern C:\MCC18\v3_39\src\traditional\proc\p18F2550.asm
                   OSCCON   0x000fd3       data     extern C:\MCC18\v3_39\src\traditional\proc\p18F2550.asm
               OSCCONbits   0x000fd3       data     extern C:\MCC18\v3_39\src\traditional\proc\p18F2550.asm
                  OSCTUNE   0x000f9b       data     extern C:\MCC18\v3_39\src\traditional\proc\p18F2550.asm
              OSCTUNEbits   0x000f9b       data     extern C:\MCC18\v3_39\src\traditional\proc\p18F2550.asm
                       PC   0x000ff9       data     extern C:\MCC18\v3_39\src\traditional\proc\p18F2550.asm
                      PCL   0x000ff9       data     extern C:\MCC18\v3_39\src\traditional\proc\p18F2550.asm
                   PCLATH   0x000ffa       data     extern C:\MCC18\v3_39\src\traditional\proc\p18F2550.asm
                   PCLATU   0x000ffb       data     extern C:\MCC18\v3_39\src\traditional\proc\p18F2550.asm
                     PIE1   0x000f9d       data     extern C:\MCC18\v3_39\src\traditional\proc\p18F2550.asm
                 PIE1bits   0x000f9d       data     extern C:\MCC18\v3_39\src\traditional\proc\p18F2550.asm
                     PIE2   0x000fa0       data     extern C:\MCC18\v3_39\src\traditional\proc\p18F2550.asm
                 PIE2bits   0x000fa0       data     extern C:\MCC18\v3_39\src\traditional\proc\p18F2550.asm
                     PIR1   0x000f9e       data     extern C:\MCC18\v3_39\src\traditional\proc\p18F2550.asm
                 PIR1bits   0x000f9e       data     extern C:\MCC18\v3_39\src\traditional\proc\p18F2550.asm
                     PIR2   0x000fa1       data     extern C:\MCC18\v3_39\src\traditional\proc\p18F2550.asm
                 PIR2bits   0x000fa1       data     extern C:\MCC18\v3_39\src\traditional\proc\p18F2550.asm
                   PLUSW0   0x000feb       data     extern C:\MCC18\v3_39\src\traditional\proc\p18F2550.asm
                   PLUSW1   0x000fe3       data     extern C:\MCC18\v3_39\src\traditional\proc\p18F2550.asm
                   PLUSW2   0x000fdb       data     extern C:\MCC18\v3_39\src\traditional\proc\p18F2550.asm
                    PORTA   0x000f80       data     extern C:\MCC18\v3_39\src\traditional\proc\p18F2550.asm
                PORTAbits   0x000f80       data     extern C:\MCC18\v3_39\src\traditional\proc\p18F2550.asm
                    PORTB   0x000f81       data     extern C:\MCC18\v3_39\src\traditional\proc\p18F2550.asm
                PORTBbits   0x000f81       data     extern C:\MCC18\v3_39\src\traditional\proc\p18F2550.asm
                    PORTC   0x000f82       data     extern C:\MCC18\v3_39\src\traditional\proc\p18F2550.asm
                PORTCbits   0x000f82       data     extern C:\MCC18\v3_39\src\traditional\proc\p18F2550.asm
                    PORTE   0x000f84       data     extern C:\MCC18\v3_39\src\traditional\proc\p18F2550.asm
                PORTEbits   0x000f84       data     extern C:\MCC18\v3_39\src\traditional\proc\p18F2550.asm
                 POSTDEC0   0x000fed       data     extern C:\MCC18\v3_39\src\traditional\proc\p18F2550.asm
                 POSTDEC1   0x000fe5       data     extern C:\MCC18\v3_39\src\traditional\proc\p18F2550.asm
                 POSTDEC2   0x000fdd       data     extern C:\MCC18\v3_39\src\traditional\proc\p18F2550.asm
                 POSTINC0   0x000fee       data     extern C:\MCC18\v3_39\src\traditional\proc\p18F2550.asm
                 POSTINC1   0x000fe6       data     extern C:\MCC18\v3_39\src\traditional\proc\p18F2550.asm
                 POSTINC2   0x000fde       data     extern C:\MCC18\v3_39\src\traditional\proc\p18F2550.asm
                      PR2   0x000fcb       data     extern C:\MCC18\v3_39\src\traditional\proc\p18F2550.asm
                  PREINC0   0x000fec       data     extern C:\MCC18\v3_39\src\traditional\proc\p18F2550.asm
                  PREINC1   0x000fe4       data     extern C:\MCC18\v3_39\src\traditional\proc\p18F2550.asm
                  PREINC2   0x000fdc       data     extern C:\MCC18\v3_39\src\traditional\proc\p18F2550.asm
                     PROD   0x000ff3       data     extern C:\MCC18\v3_39\src\traditional\proc\p18F2550.asm
                    PRODH   0x000ff4       data     extern C:\MCC18\v3_39\src\traditional\proc\p18F2550.asm
                    PRODL   0x000ff3       data     extern C:\MCC18\v3_39\src\traditional\proc\p18F2550.asm
                     RCON   0x000fd0       data     extern C:\MCC18\v3_39\src\traditional\proc\p18F2550.asm
                 RCONbits   0x000fd0       data     extern C:\MCC18\v3_39\src\traditional\proc\p18F2550.asm
                    RCREG   0x000fae       data     extern C:\MCC18\v3_39\src\traditional\proc\p18F2550.asm
                    RCSTA   0x000fab       data     extern C:\MCC18\v3_39\src\traditional\proc\p18F2550.asm
                RCSTAbits   0x000fab       data     extern C:\MCC18\v3_39\src\traditional\proc\p18F2550.asm
                     SIGN   0x000009       data     extern C:\MCC18\v3_39\src\traditional\math\cmath18.asm
                    SPBRG   0x000faf       data     extern C:\MCC18\v3_39\src\traditional\proc\p18F2550.asm
                   SPBRGH   0x000fb0       data     extern C:\MCC18\v3_39\src\traditional\proc\p18F2550.asm
                   SSPADD   0x000fc8       data     extern C:\MCC18\v3_39\src\traditional\proc\p18F2550.asm
                   SSPBUF   0x000fc9       data     extern C:\MCC18\v3_39\src\traditional\proc\p18F2550.asm
                  SSPCON1   0x000fc6       data     extern C:\MCC18\v3_39\src\traditional\proc\p18F2550.asm
              SSPCON1bits   0x000fc6       data     extern C:\MCC18\v3_39\src\traditional\proc\p18F2550.asm
                  SSPCON2   0x000fc5       data     extern C:\MCC18\v3_39\src\traditional\proc\p18F2550.asm
              SSPCON2bits   0x000fc5       data     extern C:\MCC18\v3_39\src\traditional\proc\p18F2550.asm
                  SSPSTAT   0x000fc7       data     extern C:\MCC18\v3_39\src\traditional\proc\p18F2550.asm
              SSPSTATbits   0x000fc7       data     extern C:\MCC18\v3_39\src\traditional\proc\p18F2550.asm
                   STATUS   0x000fd8       data     extern C:\MCC18\v3_39\src\traditional\proc\p18F2550.asm
               STATUSbits   0x000fd8       data     extern C:\MCC18\v3_39\src\traditional\proc\p18F2550.asm
                   STKPTR   0x000ffc       data     extern C:\MCC18\v3_39\src\traditional\proc\p18F2550.asm
               STKPTRbits   0x000ffc       data     extern C:\MCC18\v3_39\src\traditional\proc\p18F2550.asm
                    T0CON   0x000fd5       data     extern C:\MCC18\v3_39\src\traditional\proc\p18F2550.asm
                T0CONbits   0x000fd5       data     extern C:\MCC18\v3_39\src\traditional\proc\p18F2550.asm
                    T1CON   0x000fcd       data     extern C:\MCC18\v3_39\src\traditional\proc\p18F2550.asm
                T1CONbits   0x000fcd       data     extern C:\MCC18\v3_39\src\traditional\proc\p18F2550.asm
                    T2CON   0x000fca       data     extern C:\MCC18\v3_39\src\traditional\proc\p18F2550.asm
                T2CONbits   0x000fca       data     extern C:\MCC18\v3_39\src\traditional\proc\p18F2550.asm
                    T3CON   0x000fb1       data     extern C:\MCC18\v3_39\src\traditional\proc\p18F2550.asm
                T3CONbits   0x000fb1       data     extern C:\MCC18\v3_39\src\traditional\proc\p18F2550.asm
                   TABLAT   0x000ff5       data     extern C:\MCC18\v3_39\src\traditional\proc\p18F2550.asm
                   TBLPTR   0x000ff6       data     extern C:\MCC18\v3_39\src\traditional\proc\p18F2550.asm
                  TBLPTRH   0x000ff7       data     extern C:\MCC18\v3_39\src\traditional\proc\p18F2550.asm
                  TBLPTRL   0x000ff6       data     extern C:\MCC18\v3_39\src\traditional\proc\p18F2550.asm
                  TBLPTRU   0x000ff8       data     extern C:\MCC18\v3_39\src\traditional\proc\p18F2550.asm
                    TMR0H   0x000fd7       data     extern C:\MCC18\v3_39\src\traditional\proc\p18F2550.asm
                    TMR0L   0x000fd6       data     extern C:\MCC18\v3_39\src\traditional\proc\p18F2550.asm
                    TMR1H   0x000fcf       data     extern C:\MCC18\v3_39\src\traditional\proc\p18F2550.asm
                    TMR1L   0x000fce       data     extern C:\MCC18\v3_39\src\traditional\proc\p18F2550.asm
                     TMR2   0x000fcc       data     extern C:\MCC18\v3_39\src\traditional\proc\p18F2550.asm
                    TMR3H   0x000fb3       data     extern C:\MCC18\v3_39\src\traditional\proc\p18F2550.asm
                    TMR3L   0x000fb2       data     extern C:\MCC18\v3_39\src\traditional\proc\p18F2550.asm
                      TOS   0x000ffd       data     extern C:\MCC18\v3_39\src\traditional\proc\p18F2550.asm
                     TOSH   0x000ffe       data     extern C:\MCC18\v3_39\src\traditional\proc\p18F2550.asm
                     TOSL   0x000ffd       data     extern C:\MCC18\v3_39\src\traditional\proc\p18F2550.asm
                     TOSU   0x000fff       data     extern C:\MCC18\v3_39\src\traditional\proc\p18F2550.asm
                    TRISA   0x000f92       data     extern C:\MCC18\v3_39\src\traditional\proc\p18F2550.asm
                TRISAbits   0x000f92       data     extern C:\MCC18\v3_39\src\traditional\proc\p18F2550.asm
                    TRISB   0x000f93       data     extern C:\MCC18\v3_39\src\traditional\proc\p18F2550.asm
                TRISBbits   0x000f93       data     extern C:\MCC18\v3_39\src\traditional\proc\p18F2550.asm
                    TRISC   0x000f94       data     extern C:\MCC18\v3_39\src\traditional\proc\p18F2550.asm
                TRISCbits   0x000f94       data     extern C:\MCC18\v3_39\src\traditional\proc\p18F2550.asm
                    TXREG   0x000fad       data     extern C:\MCC18\v3_39\src\traditional\proc\p18F2550.asm
                    TXSTA   0x000fac       data     extern C:\MCC18\v3_39\src\traditional\proc\p18F2550.asm
                TXSTAbits   0x000fac       data     extern C:\MCC18\v3_39\src\traditional\proc\p18F2550.asm
                    UADDR   0x000f6e       data     extern C:\MCC18\v3_39\src\traditional\proc\p18F2550.asm
                UADDRbits   0x000f6e       data     extern C:\MCC18\v3_39\src\traditional\proc\p18F2550.asm
                     UCFG   0x000f6f       data     extern C:\MCC18\v3_39\src\traditional\proc\p18F2550.asm
                 UCFGbits   0x000f6f       data     extern C:\MCC18\v3_39\src\traditional\proc\p18F2550.asm
                     UCON   0x000f6d       data     extern C:\MCC18\v3_39\src\traditional\proc\p18F2550.asm
                 UCONbits   0x000f6d       data     extern C:\MCC18\v3_39\src\traditional\proc\p18F2550.asm
                     UEIE   0x000f6b       data     extern C:\MCC18\v3_39\src\traditional\proc\p18F2550.asm
                 UEIEbits   0x000f6b       data     extern C:\MCC18\v3_39\src\traditional\proc\p18F2550.asm
                     UEIR   0x000f6a       data     extern C:\MCC18\v3_39\src\traditional\proc\p18F2550.asm
                 UEIRbits   0x000f6a       data     extern C:\MCC18\v3_39\src\traditional\proc\p18F2550.asm
                     UEP0   0x000f70       data     extern C:\MCC18\v3_39\src\traditional\proc\p18F2550.asm
                 UEP0bits   0x000f70       data     extern C:\MCC18\v3_39\src\traditional\proc\p18F2550.asm
                     UEP1   0x000f71       data     extern C:\MCC18\v3_39\src\traditional\proc\p18F2550.asm
                    UEP10   0x000f7a       data     extern C:\MCC18\v3_39\src\traditional\proc\p18F2550.asm
                UEP10bits   0x000f7a       data     extern C:\MCC18\v3_39\src\traditional\proc\p18F2550.asm
                    UEP11   0x000f7b       data     extern C:\MCC18\v3_39\src\traditional\proc\p18F2550.asm
                UEP11bits   0x000f7b       data     extern C:\MCC18\v3_39\src\traditional\proc\p18F2550.asm
                    UEP12   0x000f7c       data     extern C:\MCC18\v3_39\src\traditional\proc\p18F2550.asm
                UEP12bits   0x000f7c       data     extern C:\MCC18\v3_39\src\traditional\proc\p18F2550.asm
                    UEP13   0x000f7d       data     extern C:\MCC18\v3_39\src\traditional\proc\p18F2550.asm
                UEP13bits   0x000f7d       data     extern C:\MCC18\v3_39\src\traditional\proc\p18F2550.asm
                    UEP14   0x000f7e       data     extern C:\MCC18\v3_39\src\traditional\proc\p18F2550.asm
                UEP14bits   0x000f7e       data     extern C:\MCC18\v3_39\src\traditional\proc\p18F2550.asm
                    UEP15   0x000f7f       data     extern C:\MCC18\v3_39\src\traditional\proc\p18F2550.asm
                UEP15bits   0x000f7f       data     extern C:\MCC18\v3_39\src\traditional\proc\p18F2550.asm
                 UEP1bits   0x000f71       data     extern C:\MCC18\v3_39\src\traditional\proc\p18F2550.asm
                     UEP2   0x000f72       data     extern C:\MCC18\v3_39\src\traditional\proc\p18F2550.asm
                 UEP2bits   0x000f72       data     extern C:\MCC18\v3_39\src\traditional\proc\p18F2550.asm
                     UEP3   0x000f73       data     extern C:\MCC18\v3_39\src\traditional\proc\p18F2550.asm
                 UEP3bits   0x000f73       data     extern C:\MCC18\v3_39\src\traditional\proc\p18F2550.asm
                     UEP4   0x000f74       data     extern C:\MCC18\v3_39\src\traditional\proc\p18F2550.asm
                 UEP4bits   0x000f74       data     extern C:\MCC18\v3_39\src\traditional\proc\p18F2550.asm
                     UEP5   0x000f75       data     extern C:\MCC18\v3_39\src\traditional\proc\p18F2550.asm
                 UEP5bits   0x000f75       data     extern C:\MCC18\v3_39\src\traditional\proc\p18F2550.asm
                     UEP6   0x000f76       data     extern C:\MCC18\v3_39\src\traditional\proc\p18F2550.asm
                 UEP6bits   0x000f76       data     extern C:\MCC18\v3_39\src\traditional\proc\p18F2550.asm
                     UEP7   0x000f77       data     extern C:\MCC18\v3_39\src\traditional\proc\p18F2550.asm
                 UEP7bits   0x000f77       data     extern C:\MCC18\v3_39\src\traditional\proc\p18F2550.asm
                     UEP8   0x000f78       data     extern C:\MCC18\v3_39\src\traditional\proc\p18F2550.asm
                 UEP8bits   0x000f78       data     extern C:\MCC18\v3_39\src\traditional\proc\p18F2550.asm
                     UEP9   0x000f79       data     extern C:\MCC18\v3_39\src\traditional\proc\p18F2550.asm
                 UEP9bits   0x000f79       data     extern C:\MCC18\v3_39\src\traditional\proc\p18F2550.asm
                     UFRM   0x000f66       data     extern C:\MCC18\v3_39\src\traditional\proc\p18F2550.asm
                    UFRMH   0x000f67       data     extern C:\MCC18\v3_39\src\traditional\proc\p18F2550.asm
                UFRMHbits   0x000f67       data     extern C:\MCC18\v3_39\src\traditional\proc\p18F2550.asm
                    UFRML   0x000f66       data     extern C:\MCC18\v3_39\src\traditional\proc\p18F2550.asm
                UFRMLbits   0x000f66       data     extern C:\MCC18\v3_39\src\traditional\proc\p18F2550.asm
                      UIE   0x000f69       data     extern C:\MCC18\v3_39\src\traditional\proc\p18F2550.asm
                  UIEbits   0x000f69       data     extern C:\MCC18\v3_39\src\traditional\proc\p18F2550.asm
                      UIR   0x000f68       data     extern C:\MCC18\v3_39\src\traditional\proc\p18F2550.asm
                  UIRbits   0x000f68       data     extern C:\MCC18\v3_39\src\traditional\proc\p18F2550.asm
             USART_Status   0x0002fa       data     extern C:\MCC18\v3_39\src\pmc_common\USART\udefs.c
                    USTAT   0x000f6c       data     extern C:\MCC18\v3_39\src\traditional\proc\p18F2550.asm
                USTATbits   0x000f6c       data     extern C:\MCC18\v3_39\src\traditional\proc\p18F2550.asm
                   WDTCON   0x000fd1       data     extern C:\MCC18\v3_39\src\traditional\proc\p18F2550.asm
               WDTCONbits   0x000fd1       data     extern C:\MCC18\v3_39\src\traditional\proc\p18F2550.asm
                     WREG   0x000fe8       data     extern C:\MCC18\v3_39\src\traditional\proc\p18F2550.asm
                 __AARGB0   0x000007       data     extern C:\MCC18\v3_39\src\traditional\math\aarg.asm
                 __AARGB1   0x000006       data     extern C:\MCC18\v3_39\src\traditional\math\aarg.asm
                 __AARGB2   0x000005       data     extern C:\MCC18\v3_39\src\traditional\math\aarg.asm
                 __AARGB3   0x000004       data     extern C:\MCC18\v3_39\src\traditional\math\aarg.asm
                 __AARGB4   0x000003       data     extern C:\MCC18\v3_39\src\traditional\math\aarg.asm
                 __AARGB5   0x000002       data     extern C:\MCC18\v3_39\src\traditional\math\aarg.asm
                 __AARGB6   0x000001       data     extern C:\MCC18\v3_39\src\traditional\math\aarg.asm
                 __AARGB7   0x000000       data     extern C:\MCC18\v3_39\src\traditional\math\aarg.asm
                   __AEXP   0x000008       data     extern C:\MCC18\v3_39\src\traditional\math\aarg.asm
                 __BARGB0   0x00000e       data     extern C:\MCC18\v3_39\src\traditional\math\barg.asm
                 __BARGB1   0x00000d       data     extern C:\MCC18\v3_39\src\traditional\math\barg.asm
                 __BARGB2   0x00000c       data     extern C:\MCC18\v3_39\src\traditional\math\barg.asm
                 __BARGB3   0x00000b       data     extern C:\MCC18\v3_39\src\traditional\math\barg.asm
                   __BEXP   0x00000f       data     extern C:\MCC18\v3_39\src\traditional\math\barg.asm
                __FPFLAGS   0x00000a       data     extern C:\MCC18\v3_39\src\traditional\math\cmath18.asm
            __FPFLAGSbits   0x00000a       data     extern C:\MCC18\v3_39\src\traditional\math\cmath18.asm
                  __REMB0   0x000003       data     extern C:\MCC18\v3_39\src\traditional\math\aarg.asm
                  __REMB1   0x000002       data     extern C:\MCC18\v3_39\src\traditional\math\aarg.asm
                  __REMB2   0x000001       data     extern C:\MCC18\v3_39\src\traditional\math\aarg.asm
                  __REMB3   0x000000       data     extern C:\MCC18\v3_39\src\traditional\math\aarg.asm
                   __TEMP   0x000013       data     extern C:\MCC18\v3_39\src\traditional\math\temparg.asm
                 __TEMPB0   0x000013       data     extern C:\MCC18\v3_39\src\traditional\math\temparg.asm
                 __TEMPB1   0x000012       data     extern C:\MCC18\v3_39\src\traditional\math\temparg.asm
                 __TEMPB2   0x000011       data     extern C:\MCC18\v3_39\src\traditional\math\temparg.asm
                 __TEMPB3   0x000010       data     extern C:\MCC18\v3_39\src\traditional\math\temparg.asm
                  __tmp_0   0x000014       data     static C:\MCC18\v3_39\src\traditional\stdclib\vfprintf.c
                  __tmp_0   0x000014       data     static C:\MCC18\v3_39\src\traditional\stdclib\sprintf.c
                  __tmp_0   0x000014       data     static C:\MCC18\v3_39\src\traditional\stdclib\putc.c
                  __tmp_0   0x000014       data     static C:\MCC18\v3_39\src\pmc_common\Timers\t0read.c
                  __tmp_0   0x000014       data     static C:\MCC18\v3_39\src\pmc_common\USART\uopen.c
                  __tmp_0   0x000014       data     static /Users/ikeda/pj/git/pic/bt-remocon/Firmware/buffer.c
                  __tmp_0   0x000014       data     static /Users/ikeda/pj/git/pic/bt-remocon/Firmware/main.c
                  buffNum   0x0000f5       data     extern /Users/ikeda/pj/git/pic/bt-remocon/Firmware/buffer.c
                 buff_pos   0x0002fb       data     extern /Users/ikeda/pj/git/pic/bt-remocon/Firmware/main.c
                   buffer   0x0000e1       data     extern /Users/ikeda/pj/git/pic/bt-remocon/Firmware/buffer.c
          buttonDownState   0x000103       data     extern /Users/ikeda/pj/git/pic/bt-remocon/Firmware/button.c
     buttonLongDownPushed   0x000105       data     extern /Users/ikeda/pj/git/pic/bt-remocon/Firmware/button.c
      buttonLongDownState   0x000104       data     extern /Users/ikeda/pj/git/pic/bt-remocon/Firmware/button.c
               buttonMask   0x000101       data     extern /Users/ikeda/pj/git/pic/bt-remocon/Firmware/button.c
              buttonState   0x000100       data     extern /Users/ikeda/pj/git/pic/bt-remocon/Firmware/button.c
              buttonTimer   0x000108       data     extern /Users/ikeda/pj/git/pic/bt-remocon/Firmware/button.c
            buttonUpState   0x000102       data     extern /Users/ikeda/pj/git/pic/bt-remocon/Firmware/button.c
 buttonVeryLongDownPushed   0x000107       data     extern /Users/ikeda/pj/git/pic/bt-remocon/Firmware/button.c
  buttonVeryLongDownState   0x000106       data     extern /Users/ikeda/pj/git/pic/bt-remocon/Firmware/button.c
                curr_byte   0x0002f3       data     static C:\MCC18\v3_39\src\traditional\startup\c018i.c
               curr_entry   0x0002f5       data     static C:\MCC18\v3_39\src\traditional\startup\c018i.c
                 data_ptr   0x0002f7       data     static C:\MCC18\v3_39\src\traditional\startup\c018i.c
             enableReadIR   0x0000e0       data     extern /Users/ikeda/pj/git/pic/bt-remocon/Firmware/main.c
                     prom   0x0002f0       data     static C:\MCC18\v3_39\src\traditional\startup\c018i.c
             signalBuffer   0x000300       data     extern /Users/ikeda/pj/git/pic/bt-remocon/Firmware/main.c
                totalSize   0x0000f6       data     extern /Users/ikeda/pj/git/pic/bt-remocon/Firmware/buffer.c
             uartInBuffer   0x000120       data     extern /Users/ikeda/pj/git/pic/bt-remocon/Firmware/main.c
            uartOutBuffer   0x000060       data     extern /Users/ikeda/pj/git/pic/bt-remocon/Firmware/main.c



                              Symbols - Sorted by Address
                     Name    Address   Location    Storage File                     
                ---------  ---------  ---------  --------- ---------                
                   _entry   0x000000    program     extern C:\MCC18\v3_39\src\traditional\startup\c018i.c
       ___return_lbl00000   0x000004    program     static                          
                 High_ISR   0x000008    program     extern /Users/ikeda/pj/git/pic/bt-remocon/Firmware/main.c
       ___return_lbl00003   0x00000c    program     static                          
                  Low_ISR   0x000018    program     extern /Users/ikeda/pj/git/pic/bt-remocon/Firmware/main.c
       ___return_lbl00004   0x00001c    program     static                          
                   _reset   0x001000    program     extern /Users/ikeda/pj/git/pic/bt-remocon/Firmware/main.c
       ___return_lbl00000   0x001004    program     static                          
        Remapped_High_ISR   0x001008    program     extern /Users/ikeda/pj/git/pic/bt-remocon/Firmware/main.c
       ___return_lbl00001   0x00100c    program     static                          
         Remapped_Low_ISR   0x001018    program     extern /Users/ikeda/pj/git/pic/bt-remocon/Firmware/main.c
       ___return_lbl00002   0x00101c    program     static                          
            s_put_n_chars   0x001038    program     static C:\MCC18\v3_39\src\traditional\stdclib\vfprintf.c
                 vfprintf   0x001064    program     extern C:\MCC18\v3_39\src\traditional\stdclib\vfprintf.c
              __tmplbl_85   0x00108e    program     static                          
              __tmplbl_44   0x00193c    program     static                          
              __tmplbl_43   0x001956    program     static                          
                   __pa_0   0x001978    program     static C:\MCC18\v3_39\src\traditional\stdclib\vfprintf.c
                   __pa_1   0x001980    program     static C:\MCC18\v3_39\src\traditional\stdclib\vfprintf.c
                   __pa_2   0x00198a    program     static C:\MCC18\v3_39\src\traditional\stdclib\vfprintf.c
                   __pa_3   0x001994    program     static C:\MCC18\v3_39\src\traditional\stdclib\vfprintf.c
                   __pa_4   0x0019ac    program     static C:\MCC18\v3_39\src\traditional\stdclib\vfprintf.c
                   __pa_5   0x0019c0    program     static C:\MCC18\v3_39\src\traditional\stdclib\vfprintf.c
                   __pa_6   0x0019dc    program     static C:\MCC18\v3_39\src\traditional\stdclib\vfprintf.c
                   __pa_7   0x0019e6    program     static C:\MCC18\v3_39\src\traditional\stdclib\vfprintf.c
                   __pa_8   0x0019f2    program     static C:\MCC18\v3_39\src\traditional\stdclib\vfprintf.c
                   __pa_9   0x001a14    program     static C:\MCC18\v3_39\src\traditional\stdclib\vfprintf.c
                  __pa_10   0x001a34    program     static C:\MCC18\v3_39\src\traditional\stdclib\vfprintf.c
                  __pa_11   0x001a42    program     static C:\MCC18\v3_39\src\traditional\stdclib\vfprintf.c
                  __pa_12   0x001a58    program     static C:\MCC18\v3_39\src\traditional\stdclib\vfprintf.c
                  __pa_13   0x001a72    program     static C:\MCC18\v3_39\src\traditional\stdclib\vfprintf.c
                  __pa_14   0x001a8a    program     static C:\MCC18\v3_39\src\traditional\stdclib\vfprintf.c
                  __pa_15   0x001a9a    program     static C:\MCC18\v3_39\src\traditional\stdclib\vfprintf.c
                  __pa_16   0x001ab0    program     static C:\MCC18\v3_39\src\traditional\stdclib\vfprintf.c
                  __pa_17   0x001ac2    program     static C:\MCC18\v3_39\src\traditional\stdclib\vfprintf.c
                  __pa_18   0x001ad4    program     static C:\MCC18\v3_39\src\traditional\stdclib\vfprintf.c
                  __pa_19   0x001ade    program     static C:\MCC18\v3_39\src\traditional\stdclib\vfprintf.c
                  __pa_20   0x001aee    program     static C:\MCC18\v3_39\src\traditional\stdclib\vfprintf.c
                  __pa_21   0x001afe    program     static C:\MCC18\v3_39\src\traditional\stdclib\vfprintf.c
                  __pa_22   0x001b0e    program     static C:\MCC18\v3_39\src\traditional\stdclib\vfprintf.c
              __tmplbl_42   0x001b0e    program     static                          
                  __pa_23   0x001b1a    program     static C:\MCC18\v3_39\src\traditional\stdclib\vfprintf.c
                  __pa_24   0x001b28    program     static C:\MCC18\v3_39\src\traditional\stdclib\vfprintf.c
                  __pa_25   0x001b30    program     static C:\MCC18\v3_39\src\traditional\stdclib\vfprintf.c
                  __pa_26   0x001b3a    program     static C:\MCC18\v3_39\src\traditional\stdclib\vfprintf.c
                  __pa_27   0x001b44    program     static C:\MCC18\v3_39\src\traditional\stdclib\vfprintf.c
                  __pa_28   0x001b4c    program     static C:\MCC18\v3_39\src\traditional\stdclib\vfprintf.c
                  __pa_29   0x001b5a    program     static C:\MCC18\v3_39\src\traditional\stdclib\vfprintf.c
                  __pa_30   0x001b76    program     static C:\MCC18\v3_39\src\traditional\stdclib\vfprintf.c
                  __pa_31   0x001b90    program     static C:\MCC18\v3_39\src\traditional\stdclib\vfprintf.c
                  __pa_32   0x001baa    program     static C:\MCC18\v3_39\src\traditional\stdclib\vfprintf.c
                  __pa_33   0x001bc2    program     static C:\MCC18\v3_39\src\traditional\stdclib\vfprintf.c
                  __pa_34   0x001bcc    program     static C:\MCC18\v3_39\src\traditional\stdclib\vfprintf.c
                  __pa_35   0x001bda    program     static C:\MCC18\v3_39\src\traditional\stdclib\vfprintf.c
                  __pa_36   0x001be2    program     static C:\MCC18\v3_39\src\traditional\stdclib\vfprintf.c
                  __pa_37   0x001bec    program     static C:\MCC18\v3_39\src\traditional\stdclib\vfprintf.c
                  __pa_38   0x001bfc    program     static C:\MCC18\v3_39\src\traditional\stdclib\vfprintf.c
                  __pa_39   0x001c0a    program     static C:\MCC18\v3_39\src\traditional\stdclib\vfprintf.c
                  __pa_40   0x001c16    program     static C:\MCC18\v3_39\src\traditional\stdclib\vfprintf.c
                  __pa_41   0x001c22    program     static C:\MCC18\v3_39\src\traditional\stdclib\vfprintf.c
                  __pa_42   0x001c2a    program     static C:\MCC18\v3_39\src\traditional\stdclib\vfprintf.c
                  __pa_43   0x001c34    program     static C:\MCC18\v3_39\src\traditional\stdclib\vfprintf.c
                  __pa_44   0x001c3a    program     static C:\MCC18\v3_39\src\traditional\stdclib\vfprintf.c
                  __pa_45   0x001c44    program     static C:\MCC18\v3_39\src\traditional\stdclib\vfprintf.c
                  __pa_46   0x001c50    program     static C:\MCC18\v3_39\src\traditional\stdclib\vfprintf.c
  YourHighPriorityISRCode   0x001c5a    program     extern /Users/ikeda/pj/git/pic/bt-remocon/Firmware/main.c
   YourLowPriorityISRCode   0x001caa    program     extern /Users/ikeda/pj/git/pic/bt-remocon/Firmware/main.c
                     main   0x001d14    program     extern /Users/ikeda/pj/git/pic/bt-remocon/Firmware/main.c
         InitializeSystem   0x001d1a    program     static /Users/ikeda/pj/git/pic/bt-remocon/Firmware/main.c
                ProcessIO   0x001d80    program     extern /Users/ikeda/pj/git/pic/bt-remocon/Firmware/main.c
               SerialProc   0x001d8c    program     extern /Users/ikeda/pj/git/pic/bt-remocon/Firmware/main.c
               ButtonProc   0x001f30    program     extern /Users/ikeda/pj/git/pic/bt-remocon/Firmware/main.c
                   ReadIR   0x001f68    program     extern /Users/ikeda/pj/git/pic/bt-remocon/Firmware/main.c
            PrintIRBuffer   0x002066    program     extern /Users/ikeda/pj/git/pic/bt-remocon/Firmware/main.c
                   SendIR   0x002112    program     extern /Users/ikeda/pj/git/pic/bt-remocon/Firmware/main.c
               SendIRImpl   0x002120    program     extern /Users/ikeda/pj/git/pic/bt-remocon/Firmware/main.c
               PutsString   0x002200    program     extern /Users/ikeda/pj/git/pic/bt-remocon/Firmware/main.c
           PutsStringCPtr   0x002230    program     extern /Users/ikeda/pj/git/pic/bt-remocon/Firmware/main.c
            DelayIRFreqHi   0x002246    program     extern /Users/ikeda/pj/git/pic/bt-remocon/Firmware/main.c
       ___return_lbl00076   0x00225a    program     static                          
            DelayIRFreqLo   0x00225c    program     extern /Users/ikeda/pj/git/pic/bt-remocon/Firmware/main.c
       ___return_lbl00077   0x002268    program     static                          
        WaitToReadySerial   0x00226a    program     extern /Users/ikeda/pj/git/pic/bt-remocon/Firmware/main.c
               ReadSerial   0x00228e    program     extern /Users/ikeda/pj/git/pic/bt-remocon/Firmware/main.c
              WriteSerial   0x002300    program     extern /Users/ikeda/pj/git/pic/bt-remocon/Firmware/main.c
                   __pa_0   0x00230e    program     static /Users/ikeda/pj/git/pic/bt-remocon/Firmware/main.c
                   __pa_1   0x002322    program     static /Users/ikeda/pj/git/pic/bt-remocon/Firmware/main.c
                   __pa_2   0x00234a    program     static /Users/ikeda/pj/git/pic/bt-remocon/Firmware/main.c
                   __pa_3   0x002398    program     static /Users/ikeda/pj/git/pic/bt-remocon/Firmware/main.c
                   __pa_4   0x0023a4    program     static /Users/ikeda/pj/git/pic/bt-remocon/Firmware/main.c
                   __pa_5   0x0023b4    program     static /Users/ikeda/pj/git/pic/bt-remocon/Firmware/main.c
                   __pa_6   0x0023d6    program     static /Users/ikeda/pj/git/pic/bt-remocon/Firmware/main.c
                   __pa_7   0x0023ee    program     static /Users/ikeda/pj/git/pic/bt-remocon/Firmware/main.c
                   __pa_8   0x002418    program     static /Users/ikeda/pj/git/pic/bt-remocon/Firmware/main.c
[...]
                    UEP10   0x000f7a       data     extern C:\MCC18\v3_39\src\traditional\proc\p18F2550.asm
                    UEP11   0x000f7b       data     extern C:\MCC18\v3_39\src\traditional\proc\p18F2550.asm
                UEP11bits   0x000f7b       data     extern C:\MCC18\v3_39\src\traditional\proc\p18F2550.asm
                    UEP12   0x000f7c       data     extern C:\MCC18\v3_39\src\traditional\proc\p18F2550.asm
                UEP12bits   0x000f7c       data     extern C:\MCC18\v3_39\src\traditional\proc\p18F2550.asm
                    UEP13   0x000f7d       data     extern C:\MCC18\v3_39\src\traditional\proc\p18F2550.asm
                UEP13bits   0x000f7d       data     extern C:\MCC18\v3_39\src\traditional\proc\p18F2550.asm
                    UEP14   0x000f7e       data     extern C:\MCC18\v3_39\src\traditional\proc\p18F2550.asm
                UEP14bits   0x000f7e       data     extern C:\MCC18\v3_39\src\traditional\proc\p18F2550.asm
                UEP15bits   0x000f7f       data     extern C:\MCC18\v3_39\src\traditional\proc\p18F2550.asm
                    UEP15   0x000f7f       data     extern C:\MCC18\v3_39\src\traditional\proc\p18F2550.asm
                PORTAbits   0x000f80       data     extern C:\MCC18\v3_39\src\traditional\proc\p18F2550.asm
                    PORTA   0x000f80       data     extern C:\MCC18\v3_39\src\traditional\proc\p18F2550.asm
                PORTBbits   0x000f81       data     extern C:\MCC18\v3_39\src\traditional\proc\p18F2550.asm
                    PORTB   0x000f81       data     extern C:\MCC18\v3_39\src\traditional\proc\p18F2550.asm
                PORTCbits   0x000f82       data     extern C:\MCC18\v3_39\src\traditional\proc\p18F2550.asm
                    PORTC   0x000f82       data     extern C:\MCC18\v3_39\src\traditional\proc\p18F2550.asm
                PORTEbits   0x000f84       data     extern C:\MCC18\v3_39\src\traditional\proc\p18F2550.asm
                    PORTE   0x000f84       data     extern C:\MCC18\v3_39\src\traditional\proc\p18F2550.asm
                 LATAbits   0x000f89       data     extern C:\MCC18\v3_39\src\traditional\proc\p18F2550.asm
                     LATA   0x000f89       data     extern C:\MCC18\v3_39\src\traditional\proc\p18F2550.asm
                 LATBbits   0x000f8a       data     extern C:\MCC18\v3_39\src\traditional\proc\p18F2550.asm
                     LATB   0x000f8a       data     extern C:\MCC18\v3_39\src\traditional\proc\p18F2550.asm
                     LATC   0x000f8b       data     extern C:\MCC18\v3_39\src\traditional\proc\p18F2550.asm
                 LATCbits   0x000f8b       data     extern C:\MCC18\v3_39\src\traditional\proc\p18F2550.asm
                 DDRAbits   0x000f92       data     extern C:\MCC18\v3_39\src\traditional\proc\p18F2550.asm
                    TRISA   0x000f92       data     extern C:\MCC18\v3_39\src\traditional\proc\p18F2550.asm
                     DDRA   0x000f92       data     extern C:\MCC18\v3_39\src\traditional\proc\p18F2550.asm
                TRISAbits   0x000f92       data     extern C:\MCC18\v3_39\src\traditional\proc\p18F2550.asm
                    TRISB   0x000f93       data     extern C:\MCC18\v3_39\src\traditional\proc\p18F2550.asm
                TRISBbits   0x000f93       data     extern C:\MCC18\v3_39\src\traditional\proc\p18F2550.asm
                     DDRB   0x000f93       data     extern C:\MCC18\v3_39\src\traditional\proc\p18F2550.asm
                 DDRBbits   0x000f93       data     extern C:\MCC18\v3_39\src\traditional\proc\p18F2550.asm
                    TRISC   0x000f94       data     extern C:\MCC18\v3_39\src\traditional\proc\p18F2550.asm
                TRISCbits   0x000f94       data     extern C:\MCC18\v3_39\src\traditional\proc\p18F2550.asm
                 DDRCbits   0x000f94       data     extern C:\MCC18\v3_39\src\traditional\proc\p18F2550.asm
                     DDRC   0x000f94       data     extern C:\MCC18\v3_39\src\traditional\proc\p18F2550.asm
                  OSCTUNE   0x000f9b       data     extern C:\MCC18\v3_39\src\traditional\proc\p18F2550.asm
              OSCTUNEbits   0x000f9b       data     extern C:\MCC18\v3_39\src\traditional\proc\p18F2550.asm
                 PIE1bits   0x000f9d       data     extern C:\MCC18\v3_39\src\traditional\proc\p18F2550.asm
                     PIE1   0x000f9d       data     extern C:\MCC18\v3_39\src\traditional\proc\p18F2550.asm
                 PIR1bits   0x000f9e       data     extern C:\MCC18\v3_39\src\traditional\proc\p18F2550.asm
                     PIR1   0x000f9e       data     extern C:\MCC18\v3_39\src\traditional\proc\p18F2550.asm
                     IPR1   0x000f9f       data     extern C:\MCC18\v3_39\src\traditional\proc\p18F2550.asm
                 IPR1bits   0x000f9f       data     extern C:\MCC18\v3_39\src\traditional\proc\p18F2550.asm
                     PIE2   0x000fa0       data     extern C:\MCC18\v3_39\src\traditional\proc\p18F2550.asm
                 PIE2bits   0x000fa0       data     extern C:\MCC18\v3_39\src\traditional\proc\p18F2550.asm
                     PIR2   0x000fa1       data     extern C:\MCC18\v3_39\src\traditional\proc\p18F2550.asm
                 PIR2bits   0x000fa1       data     extern C:\MCC18\v3_39\src\traditional\proc\p18F2550.asm
                     IPR2   0x000fa2       data     extern C:\MCC18\v3_39\src\traditional\proc\p18F2550.asm
                 IPR2bits   0x000fa2       data     extern C:\MCC18\v3_39\src\traditional\proc\p18F2550.asm
               EECON1bits   0x000fa6       data     extern C:\MCC18\v3_39\src\traditional\proc\p18F2550.asm
                   EECON1   0x000fa6       data     extern C:\MCC18\v3_39\src\traditional\proc\p18F2550.asm
                   EECON2   0x000fa7       data     extern C:\MCC18\v3_39\src\traditional\proc\p18F2550.asm
                   EEDATA   0x000fa8       data     extern C:\MCC18\v3_39\src\traditional\proc\p18F2550.asm
                    EEADR   0x000fa9       data     extern C:\MCC18\v3_39\src\traditional\proc\p18F2550.asm
                    RCSTA   0x000fab       data     extern C:\MCC18\v3_39\src\traditional\proc\p18F2550.asm
                RCSTAbits   0x000fab       data     extern C:\MCC18\v3_39\src\traditional\proc\p18F2550.asm
                TXSTAbits   0x000fac       data     extern C:\MCC18\v3_39\src\traditional\proc\p18F2550.asm
                    TXSTA   0x000fac       data     extern C:\MCC18\v3_39\src\traditional\proc\p18F2550.asm
                    TXREG   0x000fad       data     extern C:\MCC18\v3_39\src\traditional\proc\p18F2550.asm
                    RCREG   0x000fae       data     extern C:\MCC18\v3_39\src\traditional\proc\p18F2550.asm
                    SPBRG   0x000faf       data     extern C:\MCC18\v3_39\src\traditional\proc\p18F2550.asm
                   SPBRGH   0x000fb0       data     extern C:\MCC18\v3_39\src\traditional\proc\p18F2550.asm
                    T3CON   0x000fb1       data     extern C:\MCC18\v3_39\src\traditional\proc\p18F2550.asm
                T3CONbits   0x000fb1       data     extern C:\MCC18\v3_39\src\traditional\proc\p18F2550.asm
                    TMR3L   0x000fb2       data     extern C:\MCC18\v3_39\src\traditional\proc\p18F2550.asm
                    TMR3H   0x000fb3       data     extern C:\MCC18\v3_39\src\traditional\proc\p18F2550.asm
                CMCONbits   0x000fb4       data     extern C:\MCC18\v3_39\src\traditional\proc\p18F2550.asm
                    CMCON   0x000fb4       data     extern C:\MCC18\v3_39\src\traditional\proc\p18F2550.asm
               CVRCONbits   0x000fb5       data     extern C:\MCC18\v3_39\src\traditional\proc\p18F2550.asm
                   CVRCON   0x000fb5       data     extern C:\MCC18\v3_39\src\traditional\proc\p18F2550.asm
               CCP1ASbits   0x000fb6       data     extern C:\MCC18\v3_39\src\traditional\proc\p18F2550.asm
                   CCP1AS   0x000fb6       data     extern C:\MCC18\v3_39\src\traditional\proc\p18F2550.asm
                  ECCP1AS   0x000fb6       data     extern C:\MCC18\v3_39\src\traditional\proc\p18F2550.asm
              ECCP1ASbits   0x000fb6       data     extern C:\MCC18\v3_39\src\traditional\proc\p18F2550.asm
                  CCP1DEL   0x000fb7       data     extern C:\MCC18\v3_39\src\traditional\proc\p18F2550.asm
              CCP1DELbits   0x000fb7       data     extern C:\MCC18\v3_39\src\traditional\proc\p18F2550.asm
             ECCP1DELbits   0x000fb7       data     extern C:\MCC18\v3_39\src\traditional\proc\p18F2550.asm
                 ECCP1DEL   0x000fb7       data     extern C:\MCC18\v3_39\src\traditional\proc\p18F2550.asm
                  BAUDCON   0x000fb8       data     extern C:\MCC18\v3_39\src\traditional\proc\p18F2550.asm
              BAUDCONbits   0x000fb8       data     extern C:\MCC18\v3_39\src\traditional\proc\p18F2550.asm
                  BAUDCTL   0x000fb8       data     extern C:\MCC18\v3_39\src\traditional\proc\p18F2550.asm
              BAUDCTLbits   0x000fb8       data     extern C:\MCC18\v3_39\src\traditional\proc\p18F2550.asm
                  CCP2CON   0x000fba       data     extern C:\MCC18\v3_39\src\traditional\proc\p18F2550.asm
              CCP2CONbits   0x000fba       data     extern C:\MCC18\v3_39\src\traditional\proc\p18F2550.asm
                   CCPR2L   0x000fbb       data     extern C:\MCC18\v3_39\src\traditional\proc\p18F2550.asm
                    CCPR2   0x000fbb       data     extern C:\MCC18\v3_39\src\traditional\proc\p18F2550.asm
                   CCPR2H   0x000fbc       data     extern C:\MCC18\v3_39\src\traditional\proc\p18F2550.asm
              CCP1CONbits   0x000fbd       data     extern C:\MCC18\v3_39\src\traditional\proc\p18F2550.asm
                  CCP1CON   0x000fbd       data     extern C:\MCC18\v3_39\src\traditional\proc\p18F2550.asm
                   CCPR1L   0x000fbe       data     extern C:\MCC18\v3_39\src\traditional\proc\p18F2550.asm
                    CCPR1   0x000fbe       data     extern C:\MCC18\v3_39\src\traditional\proc\p18F2550.asm
                   CCPR1H   0x000fbf       data     extern C:\MCC18\v3_39\src\traditional\proc\p18F2550.asm
                   ADCON2   0x000fc0       data     extern C:\MCC18\v3_39\src\traditional\proc\p18F2550.asm
               ADCON2bits   0x000fc0       data     extern C:\MCC18\v3_39\src\traditional\proc\p18F2550.asm
                   ADCON1   0x000fc1       data     extern C:\MCC18\v3_39\src\traditional\proc\p18F2550.asm
               ADCON1bits   0x000fc1       data     extern C:\MCC18\v3_39\src\traditional\proc\p18F2550.asm
                   ADCON0   0x000fc2       data     extern C:\MCC18\v3_39\src\traditional\proc\p18F2550.asm
               ADCON0bits   0x000fc2       data     extern C:\MCC18\v3_39\src\traditional\proc\p18F2550.asm
                    ADRES   0x000fc3       data     extern C:\MCC18\v3_39\src\traditional\proc\p18F2550.asm
                   ADRESL   0x000fc3       data     extern C:\MCC18\v3_39\src\traditional\proc\p18F2550.asm
                   ADRESH   0x000fc4       data     extern C:\MCC18\v3_39\src\traditional\proc\p18F2550.asm
                  SSPCON2   0x000fc5       data     extern C:\MCC18\v3_39\src\traditional\proc\p18F2550.asm
              SSPCON2bits   0x000fc5       data     extern C:\MCC18\v3_39\src\traditional\proc\p18F2550.asm
                  SSPCON1   0x000fc6       data     extern C:\MCC18\v3_39\src\traditional\proc\p18F2550.asm
              SSPCON1bits   0x000fc6       data     extern C:\MCC18\v3_39\src\traditional\proc\p18F2550.asm
                  SSPSTAT   0x000fc7       data     extern C:\MCC18\v3_39\src\traditional\proc\p18F2550.asm
              SSPSTATbits   0x000fc7       data     extern C:\MCC18\v3_39\src\traditional\proc\p18F2550.asm
                   SSPADD   0x000fc8       data     extern C:\MCC18\v3_39\src\traditional\proc\p18F2550.asm
                   SSPBUF   0x000fc9       data     extern C:\MCC18\v3_39\src\traditional\proc\p18F2550.asm
                T2CONbits   0x000fca       data     extern C:\MCC18\v3_39\src\traditional\proc\p18F2550.asm
                    T2CON   0x000fca       data     extern C:\MCC18\v3_39\src\traditional\proc\p18F2550.asm
                      PR2   0x000fcb       data     extern C:\MCC18\v3_39\src\traditional\proc\p18F2550.asm
                     TMR2   0x000fcc       data     extern C:\MCC18\v3_39\src\traditional\proc\p18F2550.asm
                T1CONbits   0x000fcd       data     extern C:\MCC18\v3_39\src\traditional\proc\p18F2550.asm
                    T1CON   0x000fcd       data     extern C:\MCC18\v3_39\src\traditional\proc\p18F2550.asm
                    TMR1L   0x000fce       data     extern C:\MCC18\v3_39\src\traditional\proc\p18F2550.asm
                    TMR1H   0x000fcf       data     extern C:\MCC18\v3_39\src\traditional\proc\p18F2550.asm
                     RCON   0x000fd0       data     extern C:\MCC18\v3_39\src\traditional\proc\p18F2550.asm
                 RCONbits   0x000fd0       data     extern C:\MCC18\v3_39\src\traditional\proc\p18F2550.asm
                   WDTCON   0x000fd1       data     extern C:\MCC18\v3_39\src\traditional\proc\p18F2550.asm
               WDTCONbits   0x000fd1       data     extern C:\MCC18\v3_39\src\traditional\proc\p18F2550.asm
               LVDCONbits   0x000fd2       data     extern C:\MCC18\v3_39\src\traditional\proc\p18F2550.asm
                   LVDCON   0x000fd2       data     extern C:\MCC18\v3_39\src\traditional\proc\p18F2550.asm
              HLVDCONbits   0x000fd2       data     extern C:\MCC18\v3_39\src\traditional\proc\p18F2550.asm
                  HLVDCON   0x000fd2       data     extern C:\MCC18\v3_39\src\traditional\proc\p18F2550.asm
                   OSCCON   0x000fd3       data     extern C:\MCC18\v3_39\src\traditional\proc\p18F2550.asm
               OSCCONbits   0x000fd3       data     extern C:\MCC18\v3_39\src\traditional\proc\p18F2550.asm
                    T0CON   0x000fd5       data     extern C:\MCC18\v3_39\src\traditional\proc\p18F2550.asm
                T0CONbits   0x000fd5       data     extern C:\MCC18\v3_39\src\traditional\proc\p18F2550.asm
                    TMR0L   0x000fd6       data     extern C:\MCC18\v3_39\src\traditional\proc\p18F2550.asm
                    TMR0H   0x000fd7       data     extern C:\MCC18\v3_39\src\traditional\proc\p18F2550.asm
                   STATUS   0x000fd8       data     extern C:\MCC18\v3_39\src\traditional\proc\p18F2550.asm
               STATUSbits   0x000fd8       data     extern C:\MCC18\v3_39\src\traditional\proc\p18F2550.asm
                    FSR2L   0x000fd9       data     extern C:\MCC18\v3_39\src\traditional\proc\p18F2550.asm
                     FSR2   0x000fd9       data     extern C:\MCC18\v3_39\src\traditional\proc\p18F2550.asm
                    FSR2H   0x000fda       data     extern C:\MCC18\v3_39\src\traditional\proc\p18F2550.asm
                   PLUSW2   0x000fdb       data     extern C:\MCC18\v3_39\src\traditional\proc\p18F2550.asm
                  PREINC2   0x000fdc       data     extern C:\MCC18\v3_39\src\traditional\proc\p18F2550.asm
                 POSTDEC2   0x000fdd       data     extern C:\MCC18\v3_39\src\traditional\proc\p18F2550.asm
                 POSTINC2   0x000fde       data     extern C:\MCC18\v3_39\src\traditional\proc\p18F2550.asm
                    INDF2   0x000fdf       data     extern C:\MCC18\v3_39\src\traditional\proc\p18F2550.asm
                      BSR   0x000fe0       data     extern C:\MCC18\v3_39\src\traditional\proc\p18F2550.asm
                    FSR1L   0x000fe1       data     extern C:\MCC18\v3_39\src\traditional\proc\p18F2550.asm
                     FSR1   0x000fe1       data     extern C:\MCC18\v3_39\src\traditional\proc\p18F2550.asm
                    FSR1H   0x000fe2       data     extern C:\MCC18\v3_39\src\traditional\proc\p18F2550.asm
                   PLUSW1   0x000fe3       data     extern C:\MCC18\v3_39\src\traditional\proc\p18F2550.asm
                  PREINC1   0x000fe4       data     extern C:\MCC18\v3_39\src\traditional\proc\p18F2550.asm
                 POSTDEC1   0x000fe5       data     extern C:\MCC18\v3_39\src\traditional\proc\p18F2550.asm
                 POSTINC1   0x000fe6       data     extern C:\MCC18\v3_39\src\traditional\proc\p18F2550.asm
                    INDF1   0x000fe7       data     extern C:\MCC18\v3_39\src\traditional\proc\p18F2550.asm
                     WREG   0x000fe8       data     extern C:\MCC18\v3_39\src\traditional\proc\p18F2550.asm
                     FSR0   0x000fe9       data     extern C:\MCC18\v3_39\src\traditional\proc\p18F2550.asm
                    FSR0L   0x000fe9       data     extern C:\MCC18\v3_39\src\traditional\proc\p18F2550.asm
                    FSR0H   0x000fea       data     extern C:\MCC18\v3_39\src\traditional\proc\p18F2550.asm
                   PLUSW0   0x000feb       data     extern C:\MCC18\v3_39\src\traditional\proc\p18F2550.asm
                  PREINC0   0x000fec       data     extern C:\MCC18\v3_39\src\traditional\proc\p18F2550.asm
                 POSTDEC0   0x000fed       data     extern C:\MCC18\v3_39\src\traditional\proc\p18F2550.asm
                 POSTINC0   0x000fee       data     extern C:\MCC18\v3_39\src\traditional\proc\p18F2550.asm
                    INDF0   0x000fef       data     extern C:\MCC18\v3_39\src\traditional\proc\p18F2550.asm
              INTCON3bits   0x000ff0       data     extern C:\MCC18\v3_39\src\traditional\proc\p18F2550.asm
                  INTCON3   0x000ff0       data     extern C:\MCC18\v3_39\src\traditional\proc\p18F2550.asm
              INTCON2bits   0x000ff1       data     extern C:\MCC18\v3_39\src\traditional\proc\p18F2550.asm
                  INTCON2   0x000ff1       data     extern C:\MCC18\v3_39\src\traditional\proc\p18F2550.asm
               INTCONbits   0x000ff2       data     extern C:\MCC18\v3_39\src\traditional\proc\p18F2550.asm
                   INTCON   0x000ff2       data     extern C:\MCC18\v3_39\src\traditional\proc\p18F2550.asm
                     PROD   0x000ff3       data     extern C:\MCC18\v3_39\src\traditional\proc\p18F2550.asm
                    PRODL   0x000ff3       data     extern C:\MCC18\v3_39\src\traditional\proc\p18F2550.asm
                    PRODH   0x000ff4       data     extern C:\MCC18\v3_39\src\traditional\proc\p18F2550.asm
                   TABLAT   0x000ff5       data     extern C:\MCC18\v3_39\src\traditional\proc\p18F2550.asm
                   TBLPTR   0x000ff6       data     extern C:\MCC18\v3_39\src\traditional\proc\p18F2550.asm
                  TBLPTRL   0x000ff6       data     extern C:\MCC18\v3_39\src\traditional\proc\p18F2550.asm
                  TBLPTRH   0x000ff7       data     extern C:\MCC18\v3_39\src\traditional\proc\p18F2550.asm
                  TBLPTRU   0x000ff8       data     extern C:\MCC18\v3_39\src\traditional\proc\p18F2550.asm
                      PCL   0x000ff9       data     extern C:\MCC18\v3_39\src\traditional\proc\p18F2550.asm
                       PC   0x000ff9       data     extern C:\MCC18\v3_39\src\traditional\proc\p18F2550.asm
                   PCLATH   0x000ffa       data     extern C:\MCC18\v3_39\src\traditional\proc\p18F2550.asm
                   PCLATU   0x000ffb       data     extern C:\MCC18\v3_39\src\traditional\proc\p18F2550.asm
                   STKPTR   0x000ffc       data     extern C:\MCC18\v3_39\src\traditional\proc\p18F2550.asm
               STKPTRbits   0x000ffc       data     extern C:\MCC18\v3_39\src\traditional\proc\p18F2550.asm
                      TOS   0x000ffd       data     extern C:\MCC18\v3_39\src\traditional\proc\p18F2550.asm
                     TOSL   0x000ffd       data     extern C:\MCC18\v3_39\src\traditional\proc\p18F2550.asm
                     TOSH   0x000ffe       data     extern C:\MCC18\v3_39\src\traditional\proc\p18F2550.asm
                     TOSU   0x000fff       data     extern C:\MCC18\v3_39\src\traditional\proc\p18F2550.asm


